Component: ARM Compiler 5.06 update 4 (build 422) Tool: armlink [4d35d2]

==============================================================================

Section Cross References

    main.o(i.advertising_init) refers to memseta.o(.text) for __aeabi_memclr4
    main.o(i.advertising_init) refers to ble_advertising.o(i.ble_advertising_init) for ble_advertising_init
    main.o(i.advertising_init) refers to app_error.o(i.app_error_handler) for app_error_handler
    main.o(i.advertising_init) refers to main.o(.data) for m_adv_uuids
    main.o(i.advertising_init) refers to main.o(i.on_adv_evt) for on_adv_evt
    main.o(i.application_timers_start) refers to app_timer.o(i.app_timer_start) for app_timer_start
    main.o(i.application_timers_start) refers to main.o(.constdata) for m_our_char_timer_id
    main.o(i.assert_nrf_callback) refers to app_error.o(i.app_error_handler) for app_error_handler
    main.o(i.ble_evt_dispatch) refers to device_manager_peripheral.o(i.dm_ble_evt_handler) for dm_ble_evt_handler
    main.o(i.ble_evt_dispatch) refers to ble_conn_params.o(i.ble_conn_params_on_ble_evt) for ble_conn_params_on_ble_evt
    main.o(i.ble_evt_dispatch) refers to bsp_btn_ble.o(i.bsp_btn_ble_on_ble_evt) for bsp_btn_ble_on_ble_evt
    main.o(i.ble_evt_dispatch) refers to main.o(i.on_ble_evt) for on_ble_evt
    main.o(i.ble_evt_dispatch) refers to ble_advertising.o(i.ble_advertising_on_ble_evt) for ble_advertising_on_ble_evt
    main.o(i.ble_evt_dispatch) refers to our_service.o(i.ble_our_service_on_ble_evt) for ble_our_service_on_ble_evt
    main.o(i.ble_evt_dispatch) refers to main.o(.bss) for m_our_service
    main.o(i.ble_stack_init) refers to softdevice_handler.o(i.softdevice_handler_init) for softdevice_handler_init
    main.o(i.ble_stack_init) refers to app_error.o(i.app_error_handler) for app_error_handler
    main.o(i.ble_stack_init) refers to softdevice_handler.o(i.softdevice_enable_get_default_config) for softdevice_enable_get_default_config
    main.o(i.ble_stack_init) refers to softdevice_handler.o(i.sd_check_ram_start) for sd_check_ram_start
    main.o(i.ble_stack_init) refers to softdevice_handler.o(i.softdevice_enable) for softdevice_enable
    main.o(i.ble_stack_init) refers to softdevice_handler.o(i.softdevice_ble_evt_handler_set) for softdevice_ble_evt_handler_set
    main.o(i.ble_stack_init) refers to softdevice_handler.o(i.softdevice_sys_evt_handler_set) for softdevice_sys_evt_handler_set
    main.o(i.ble_stack_init) refers to main.o(.constdata) for .constdata
    main.o(i.ble_stack_init) refers to main.o(.bss) for BLE_EVT_BUFFER
    main.o(i.ble_stack_init) refers to main.o(i.ble_evt_dispatch) for ble_evt_dispatch
    main.o(i.ble_stack_init) refers to main.o(i.sys_evt_dispatch) for sys_evt_dispatch
    main.o(i.bsp_event_handler) refers to main.o(i.sleep_mode_enter) for sleep_mode_enter
    main.o(i.bsp_event_handler) refers to app_error.o(i.app_error_handler) for app_error_handler
    main.o(i.bsp_event_handler) refers to ble_advertising.o(i.ble_advertising_restart_without_whitelist) for ble_advertising_restart_without_whitelist
    main.o(i.bsp_event_handler) refers to main.o(.data) for m_conn_handle
    main.o(i.buttons_leds_init) refers to bsp.o(i.bsp_init) for bsp_init
    main.o(i.buttons_leds_init) refers to app_error.o(i.app_error_handler) for app_error_handler
    main.o(i.buttons_leds_init) refers to bsp_btn_ble.o(i.bsp_btn_ble_init) for bsp_btn_ble_init
    main.o(i.buttons_leds_init) refers to main.o(i.bsp_event_handler) for bsp_event_handler
    main.o(i.conn_params_error_handler) refers to app_error.o(i.app_error_handler) for app_error_handler
    main.o(i.conn_params_init) refers to memseta.o(.text) for __aeabi_memclr4
    main.o(i.conn_params_init) refers to ble_conn_params.o(i.ble_conn_params_init) for ble_conn_params_init
    main.o(i.conn_params_init) refers to app_error.o(i.app_error_handler) for app_error_handler
    main.o(i.conn_params_init) refers to main.o(i.on_conn_params_evt) for on_conn_params_evt
    main.o(i.conn_params_init) refers to main.o(i.conn_params_error_handler) for conn_params_error_handler
    main.o(i.device_manager_evt_handler) refers to app_error.o(i.app_error_handler) for app_error_handler
    main.o(i.device_manager_init) refers to pstorage.o(i.pstorage_init) for pstorage_init
    main.o(i.device_manager_init) refers to app_error.o(i.app_error_handler) for app_error_handler
    main.o(i.device_manager_init) refers to device_manager_peripheral.o(i.dm_init) for dm_init
    main.o(i.device_manager_init) refers to device_manager_peripheral.o(i.dm_register) for dm_register
    main.o(i.device_manager_init) refers to main.o(i.device_manager_evt_handler) for device_manager_evt_handler
    main.o(i.device_manager_init) refers to main.o(.data) for m_app_handle
    main.o(i.gap_params_init) refers to app_error.o(i.app_error_handler) for app_error_handler
    main.o(i.main) refers to main.o(i.timers_init) for timers_init
[...]
    no_service_context_store                 0x000207a1   Thumb Code     6  device_manager_peripheral.o(i.no_service_context_store)
    i.nrf_drv_common_irq_enable              0x000207a8   Section        0  nrf_drv_common.o(i.nrf_drv_common_irq_enable)
    i.nrf_drv_gpiote_in_event_enable         0x00020808   Section        0  nrf_drv_gpiote.o(i.nrf_drv_gpiote_in_event_enable)
    i.nrf_drv_gpiote_in_init                 0x000208c0   Section        0  nrf_drv_gpiote.o(i.nrf_drv_gpiote_in_init)
    i.nrf_drv_gpiote_in_is_set               0x00020998   Section        0  nrf_drv_gpiote.o(i.nrf_drv_gpiote_in_is_set)
    i.nrf_drv_gpiote_init                    0x000209b4   Section        0  nrf_drv_gpiote.o(i.nrf_drv_gpiote_init)
    i.nrf_drv_gpiote_is_init                 0x00020a08   Section        0  nrf_drv_gpiote.o(i.nrf_drv_gpiote_is_init)
    i.nrf_gpio_cfg                           0x00020a1c   Section        0  nrf_drv_gpiote.o(i.nrf_gpio_cfg)
    nrf_gpio_cfg                             0x00020a1d   Thumb Code    30  nrf_drv_gpiote.o(i.nrf_gpio_cfg)
    i.nrf_gpio_cfg_sense_set                 0x00020a40   Section        0  nrf_drv_gpiote.o(i.nrf_gpio_cfg_sense_set)
    nrf_gpio_cfg_sense_set                   0x00020a41   Thumb Code    32  nrf_drv_gpiote.o(i.nrf_gpio_cfg_sense_set)
    i.nrf_gpio_pin_set                       0x00020a64   Section        0  nrf_drv_spi.o(i.nrf_gpio_pin_set)
    nrf_gpio_pin_set                         0x00020a65   Thumb Code    10  nrf_drv_spi.o(i.nrf_gpio_pin_set)
    i.nrf_gpiote_event_addr_get              0x00020a74   Section        0  nrf_drv_gpiote.o(i.nrf_gpiote_event_addr_get)
    nrf_gpiote_event_addr_get                0x00020a75   Thumb Code     8  nrf_drv_gpiote.o(i.nrf_gpiote_event_addr_get)
    i.nrf_gpiote_event_clear                 0x00020a80   Section        0  nrf_drv_gpiote.o(i.nrf_gpiote_event_clear)
    nrf_gpiote_event_clear                   0x00020a81   Thumb Code    28  nrf_drv_gpiote.o(i.nrf_gpiote_event_clear)
    i.nrf_gpiote_event_is_set                0x00020a9c   Section        0  nrf_drv_gpiote.o(i.nrf_gpiote_event_is_set)
    nrf_gpiote_event_is_set                  0x00020a9d   Thumb Code    22  nrf_drv_gpiote.o(i.nrf_gpiote_event_is_set)
    i.nrf_gpiote_int_enable                  0x00020ab4   Section        0  nrf_drv_gpiote.o(i.nrf_gpiote_int_enable)
    nrf_gpiote_int_enable                    0x00020ab5   Thumb Code     6  nrf_drv_gpiote.o(i.nrf_gpiote_int_enable)
    i.nrf_spi_event_clear                    0x00020ac0   Section        0  nrf_drv_spi.o(i.nrf_spi_event_clear)
    nrf_spi_event_clear                      0x00020ac1   Thumb Code     6  nrf_drv_spi.o(i.nrf_spi_event_clear)
    i.nrf_spi_txd_set                        0x00020ac6   Section        0  nrf_drv_spi.o(i.nrf_spi_txd_set)
    nrf_spi_txd_set                          0x00020ac7   Thumb Code     6  nrf_drv_spi.o(i.nrf_spi_txd_set)
    i.nrf_uart_errorsrc_get_and_clear        0x00020acc   Section        0  nrf_drv_uart.o(i.nrf_uart_errorsrc_get_and_clear)
    nrf_uart_errorsrc_get_and_clear          0x00020acd   Thumb Code    12  nrf_drv_uart.o(i.nrf_uart_errorsrc_get_and_clear)
    i.nrf_uart_event_check                   0x00020ad8   Section        0  nrf_drv_uart.o(i.nrf_uart_event_check)
    nrf_uart_event_check                     0x00020ad9   Thumb Code    14  nrf_drv_uart.o(i.nrf_uart_event_check)
    i.nrf_uart_event_clear                   0x00020ae6   Section        0  nrf_drv_uart.o(i.nrf_uart_event_clear)
    nrf_uart_event_clear                     0x00020ae7   Thumb Code     6  nrf_drv_uart.o(i.nrf_uart_event_clear)
    i.nrf_uart_int_disable                   0x00020aec   Section        0  nrf_drv_uart.o(i.nrf_uart_int_disable)
    nrf_uart_int_disable                     0x00020aed   Thumb Code     6  nrf_drv_uart.o(i.nrf_uart_int_disable)
    i.nrf_uart_int_enable_check              0x00020af2   Section        0  nrf_drv_uart.o(i.nrf_uart_int_enable_check)
    nrf_uart_int_enable_check                0x00020af3   Thumb Code    18  nrf_drv_uart.o(i.nrf_uart_int_enable_check)
    i.nrf_uart_task_trigger                  0x00020b04   Section        0  nrf_drv_uart.o(i.nrf_uart_task_trigger)
    nrf_uart_task_trigger                    0x00020b05   Thumb Code     6  nrf_drv_uart.o(i.nrf_uart_task_trigger)
    i.nrf_uarte_errorsrc_get_and_clear       0x00020b0a   Section        0  nrf_drv_uart.o(i.nrf_uarte_errorsrc_get_and_clear)
    nrf_uarte_errorsrc_get_and_clear         0x00020b0b   Thumb Code    12  nrf_drv_uart.o(i.nrf_uarte_errorsrc_get_and_clear)
    i.nrf_uarte_event_check                  0x00020b16   Section        0  nrf_drv_uart.o(i.nrf_uarte_event_check)
    nrf_uarte_event_check                    0x00020b17   Thumb Code    14  nrf_drv_uart.o(i.nrf_uarte_event_check)
    i.nrf_uarte_event_clear                  0x00020b24   Section        0  nrf_drv_uart.o(i.nrf_uarte_event_clear)
    nrf_uarte_event_clear                    0x00020b25   Thumb Code     6  nrf_drv_uart.o(i.nrf_uarte_event_clear)
    i.nrf_uarte_rx_amount_get                0x00020b2a   Section        0  nrf_drv_uart.o(i.nrf_uarte_rx_amount_get)
    nrf_uarte_rx_amount_get                  0x00020b2b   Thumb Code    10  nrf_drv_uart.o(i.nrf_uarte_rx_amount_get)
    i.on_adv_evt                             0x00020b34   Section        0  main.o(i.on_adv_evt)
    on_adv_evt                               0x00020b35   Thumb Code    54  main.o(i.on_adv_evt)
    i.on_ble_evt                             0x00020b7c   Section        0  main.o(i.on_ble_evt)
    on_ble_evt                               0x00020b7d   Thumb Code    72  main.o(i.on_ble_evt)
    i.on_conn_params_evt                     0x00020bd8   Section        0  main.o(i.on_conn_params_evt)
    on_conn_params_evt                       0x00020bd9   Thumb Code    42  main.o(i.on_conn_params_evt)
    i.on_conn_params_update                  0x00020c18   Section        0  ble_conn_params.o(i.on_conn_params_update)
    on_conn_params_update                    0x00020c19   Thumb Code    20  ble_conn_params.o(i.on_conn_params_update)
    i.on_connect                             0x00020c30   Section        0  ble_conn_params.o(i.on_connect)
    on_connect                               0x00020c31   Thumb Code    38  ble_conn_params.o(i.on_connect)
    i.on_disconnect                          0x00020c68   Section        0  ble_conn_params.o(i.on_disconnect)
    on_disconnect                            0x00020c69   Thumb Code    46  ble_conn_params.o(i.on_disconnect)
    i.on_write                               0x00020ca8   Section        0  ble_conn_params.o(i.on_write)
    on_write                                 0x00020ca9   Thumb Code    78  ble_conn_params.o(i.on_write)
    i.our_char_add                           0x00020d00   Section        0  our_service.o(i.our_char_add)
    our_char_add                             0x00020d01   Thumb Code   346  our_service.o(i.our_char_add)
    i.our_service_init                       0x00020e7c   Section        0  our_service.o(i.our_service_init)
    i.our_termperature_characteristic_update 0x00020efc   Section        0  our_service.o(i.our_termperature_characteristic_update)
    i.peer_address_exists                    0x00020f40   Section        0  ble_advertising.o(i.peer_address_exists)
    peer_address_exists                      0x00020f41   Thumb Code    24  ble_advertising.o(i.peer_address_exists)
    i.peer_instance_init                     0x00020f58   Section        0  device_manager_peripheral.o(i.peer_instance_init)
    peer_instance_init                       0x00020f59   Thumb Code    92  device_manager_peripheral.o(i.peer_instance_init)
    i.pin_in_use_by_gpiote                   0x00020fbc   Section        0  nrf_drv_gpiote.o(i.pin_in_use_by_gpiote)
    pin_in_use_by_gpiote                     0x00020fbd   Thumb Code    22  nrf_drv_gpiote.o(i.pin_in_use_by_gpiote)
    i.pin_in_use_by_port                     0x00020fd8   Section        0  nrf_drv_gpiote.o(i.pin_in_use_by_port)
    pin_in_use_by_port                       0x00020fd9   Thumb Code    18  nrf_drv_gpiote.o(i.pin_in_use_by_port)
    i.pin_in_use_by_te                       0x00020ff0   Section        0  nrf_drv_gpiote.o(i.pin_in_use_by_te)
    pin_in_use_by_te                         0x00020ff1   Thumb Code    26  nrf_drv_gpiote.o(i.pin_in_use_by_te)
    i.pin_in_use_clear                       0x00021010   Section        0  nrf_drv_gpiote.o(i.pin_in_use_clear)
    pin_in_use_clear                         0x00021011   Thumb Code     8  nrf_drv_gpiote.o(i.pin_in_use_clear)
    i.power_manage                           0x0002101c   Section        0  main.o(i.power_manage)
    power_manage                             0x0002101d   Thumb Code    32  main.o(i.power_manage)
    i.pstorage_access_status_get             0x0002104c   Section        0  pstorage.o(i.pstorage_access_status_get)
    i.pstorage_block_identifier_get          0x00021078   Section        0  pstorage.o(i.pstorage_block_identifier_get)
    i.pstorage_clear                         0x0002111c   Section        0  pstorage.o(i.pstorage_clear)
    i.pstorage_flash_page_end                0x0002123c   Section        0  pstorage.o(i.pstorage_flash_page_end)
    pstorage_flash_page_end                  0x0002123d   Thumb Code    30  pstorage.o(i.pstorage_flash_page_end)
    i.pstorage_flash_page_size               0x0002125a   Section        0  pstorage.o(i.pstorage_flash_page_size)
    pstorage_flash_page_size                 0x0002125b   Thumb Code    10  pstorage.o(i.pstorage_flash_page_size)
    i.pstorage_init                          0x00021264   Section        0  pstorage.o(i.pstorage_init)
    i.pstorage_load                          0x000212f4   Section        0  pstorage.o(i.pstorage_load)
    i.pstorage_register                      0x000213e8   Section        0  pstorage.o(i.pstorage_register)
    i.pstorage_store                         0x000214f8   Section        0  pstorage.o(i.pstorage_store)
    i.pstorage_sys_event_handler             0x000215d4   Section        0  pstorage.o(i.pstorage_sys_event_handler)
    i.pstorage_update                        0x0002161c   Section        0  pstorage.o(i.pstorage_update)
    i.rtc1_compare0_set                      0x000216f8   Section        0  app_timer.o(i.rtc1_compare0_set)
    rtc1_compare0_set                        0x000216f9   Thumb Code     6  app_timer.o(i.rtc1_compare0_set)
    i.rtc1_counter_get                       0x00021704   Section        0  app_timer.o(i.rtc1_counter_get)
    rtc1_counter_get                         0x00021705   Thumb Code     6  app_timer.o(i.rtc1_counter_get)
    i.rtc1_init                              0x00021710   Section        0  app_timer.o(i.rtc1_init)
    rtc1_init                                0x00021711   Thumb Code    18  app_timer.o(i.rtc1_init)
    i.rtc1_start                             0x00021728   Section        0  app_timer.o(i.rtc1_start)
    rtc1_start                               0x00021729   Thumb Code    48  app_timer.o(i.rtc1_start)
    i.rtc1_stop                              0x00021764   Section        0  app_timer.o(i.rtc1_stop)
    rtc1_stop                                0x00021765   Thumb Code    68  app_timer.o(i.rtc1_stop)
    i.rx_byte                                0x000217bc   Section        0  nrf_drv_uart.o(i.rx_byte)
    rx_byte                                  0x000217bd   Thumb Code    68  nrf_drv_uart.o(i.rx_byte)
    i.rx_done_event                          0x0002180c   Section        0  nrf_drv_uart.o(i.rx_done_event)
    rx_done_event                            0x0002180d   Thumb Code    30  nrf_drv_uart.o(i.rx_done_event)
    i.sd_check_ram_start                     0x00021830   Section        0  softdevice_handler.o(i.sd_check_ram_start)
    i.sd_nvic_EnableIRQ                      0x0002184c   Section        0  softdevice_handler.o(i.sd_nvic_EnableIRQ)
    sd_nvic_EnableIRQ                        0x0002184d   Thumb Code   190  softdevice_handler.o(i.sd_nvic_EnableIRQ)
    i.sec_mgr_oob_flags_encode               0x0002191c   Section        0  ble_advdata.o(i.sec_mgr_oob_flags_encode)
    sec_mgr_oob_flags_encode                 0x0002191d   Thumb Code    54  ble_advdata.o(i.sec_mgr_oob_flags_encode)
    i.service_data_encode                    0x00021952   Section        0  ble_advdata.o(i.service_data_encode)
    service_data_encode                      0x00021953   Thumb Code   150  ble_advdata.o(i.service_data_encode)
    i.services_init                          0x000219e8   Section        0  main.o(i.services_init)
    services_init                            0x000219e9   Thumb Code    10  main.o(i.services_init)
    i.sleep_mode_enter                       0x000219f8   Section        0  main.o(i.sleep_mode_enter)
    sleep_mode_enter                         0x000219f9   Thumb Code    88  main.o(i.sleep_mode_enter)
    i.sm_state_change                        0x00021a60   Section        0  pstorage.o(i.sm_state_change)
    sm_state_change                          0x00021a61   Thumb Code    14  pstorage.o(i.sm_state_change)
    i.softdevice_ble_evt_handler_set         0x00021a74   Section        0  softdevice_handler.o(i.softdevice_ble_evt_handler_set)
    i.softdevice_enable                      0x00021a8c   Section        0  softdevice_handler.o(i.softdevice_enable)
    i.softdevice_enable_get_default_config   0x00021aa8   Section        0  softdevice_handler.o(i.softdevice_enable_get_default_config)
    i.softdevice_fault_handler               0x00021ad4   Section        0  softdevice_handler.o(i.softdevice_fault_handler)
    i.softdevice_handler_init                0x00021ae8   Section        0  softdevice_handler.o(i.softdevice_handler_init)
    i.softdevice_sys_evt_handler_set         0x00021b4c   Section        0  softdevice_handler.o(i.softdevice_sys_evt_handler_set)
    i.srdata_check                           0x00021b64   Section        0  ble_advdata.o(i.srdata_check)
    srdata_check                             0x00021b65   Thumb Code    14  ble_advdata.o(i.srdata_check)
    i.startup_event_extract                  0x00021b72   Section        0  bsp_btn_ble.o(i.startup_event_extract)
    startup_event_extract                    0x00021b73   Thumb Code    76  bsp_btn_ble.o(i.startup_event_extract)
    i.state_data_erase_entry_run             0x00021bc0   Section        0  pstorage.o(i.state_data_erase_entry_run)
    state_data_erase_entry_run               0x00021bc1   Thumb Code    12  pstorage.o(i.state_data_erase_entry_run)
    i.state_data_erase_swap_entry_run        0x00021bd0   Section        0  pstorage.o(i.state_data_erase_swap_entry_run)
    state_data_erase_swap_entry_run          0x00021bd1   Thumb Code   124  pstorage.o(i.state_data_erase_swap_entry_run)
    i.state_entry_action_run                 0x00021c5c   Section        0  pstorage.o(i.state_entry_action_run)
    state_entry_action_run                   0x00021c5d   Thumb Code    52  pstorage.o(i.state_entry_action_run)
    i.state_erase_data_page_entry_run        0x00021c94   Section        0  pstorage.o(i.state_erase_data_page_entry_run)
    state_erase_data_page_entry_run          0x00021c95   Thumb Code    12  pstorage.o(i.state_erase_data_page_entry_run)
    i.state_idle_entry_run                   0x00021ca4   Section        0  pstorage.o(i.state_idle_entry_run)
    state_idle_entry_run                     0x00021ca5   Thumb Code    18  pstorage.o(i.state_idle_entry_run)
    i.state_restore_head_entry_run           0x00021cc0   Section        0  pstorage.o(i.state_restore_head_entry_run)
    state_restore_head_entry_run             0x00021cc1   Thumb Code    44  pstorage.o(i.state_restore_head_entry_run)
    i.state_restore_tail_entry_run           0x00021cf4   Section        0  pstorage.o(i.state_restore_tail_entry_run)
    state_restore_tail_entry_run             0x00021cf5   Thumb Code    80  pstorage.o(i.state_restore_tail_entry_run)
    i.state_store_entry_run                  0x00021d4c   Section        0  pstorage.o(i.state_store_entry_run)
    state_store_entry_run                    0x00021d4d   Thumb Code     8  pstorage.o(i.state_store_entry_run)
    i.state_swap_erase_entry_run             0x00021d54   Section        0  pstorage.o(i.state_swap_erase_entry_run)
    state_swap_erase_entry_run               0x00021d55   Thumb Code    30  pstorage.o(i.state_swap_erase_entry_run)
    i.state_write_data_swap_entry_run        0x00021d74   Section        0  pstorage.o(i.state_write_data_swap_entry_run)
    state_write_data_swap_entry_run          0x00021d75   Thumb Code    50  pstorage.o(i.state_write_data_swap_entry_run)
    i.storage_operation_dummy_handler        0x00021dac   Section        0  device_manager_peripheral.o(i.storage_operation_dummy_handler)
    storage_operation_dummy_handler          0x00021dad   Thumb Code     8  device_manager_peripheral.o(i.storage_operation_dummy_handler)
    i.store_cmd_flash_write_execute          0x00021db4   Section        0  pstorage.o(i.store_cmd_flash_write_execute)
    store_cmd_flash_write_execute            0x00021db5   Thumb Code    94  pstorage.o(i.store_cmd_flash_write_execute)
    i.store_operation_execute                0x00021e1c   Section        0  pstorage.o(i.store_operation_execute)
    store_operation_execute                  0x00021e1d   Thumb Code    10  pstorage.o(i.store_operation_execute)
    i.store_sub_state_sm_run                 0x00021e28   Section        0  pstorage.o(i.store_sub_state_sm_run)
    store_sub_state_sm_run                   0x00021e29   Thumb Code    60  pstorage.o(i.store_sub_state_sm_run)
    i.swap_erase_state_run                   0x00021e70   Section        0  pstorage.o(i.swap_erase_state_run)
    swap_erase_state_run                     0x00021e71   Thumb Code    26  pstorage.o(i.swap_erase_state_run)
    i.swap_sub_sm_exit_action_run            0x00021e90   Section        0  pstorage.o(i.swap_sub_sm_exit_action_run)
    swap_sub_sm_exit_action_run              0x00021e91   Thumb Code     8  pstorage.o(i.swap_sub_sm_exit_action_run)
    i.swap_sub_state_entry_action_run        0x00021e98   Section        0  pstorage.o(i.swap_sub_state_entry_action_run)
    swap_sub_state_entry_action_run          0x00021e99   Thumb Code    16  pstorage.o(i.swap_sub_state_entry_action_run)
    i.swap_sub_state_err_busy_process        0x00021eb0   Section        0  pstorage.o(i.swap_sub_state_err_busy_process)
    swap_sub_state_err_busy_process          0x00021eb1   Thumb Code    24  pstorage.o(i.swap_sub_state_err_busy_process)
    i.swap_sub_state_sm_run                  0x00021ed0   Section        0  pstorage.o(i.swap_sub_state_sm_run)
    swap_sub_state_sm_run                    0x00021ed1   Thumb Code    16  pstorage.o(i.swap_sub_state_sm_run)
    i.swap_sub_state_state_change            0x00021ee8   Section        0  pstorage.o(i.swap_sub_state_state_change)
    swap_sub_state_state_change              0x00021ee9   Thumb Code    14  pstorage.o(i.swap_sub_state_state_change)
    i.sys_evt_dispatch                       0x00021efc   Section        0  main.o(i.sys_evt_dispatch)
    sys_evt_dispatch                         0x00021efd   Thumb Code    18  main.o(i.sys_evt_dispatch)
    i.tail_restore_state_run                 0x00021f10   Section        0  pstorage.o(i.tail_restore_state_run)
    tail_restore_state_run                   0x00021f11   Thumb Code    24  pstorage.o(i.tail_restore_state_run)
    i.tail_word_size_calculate               0x00021f2c   Section        0  pstorage.o(i.tail_word_size_calculate)
    tail_word_size_calculate                 0x00021f2d   Thumb Code    70  pstorage.o(i.tail_word_size_calculate)
    i.ticks_diff_get                         0x00021f78   Section        0  app_timer.o(i.ticks_diff_get)
    ticks_diff_get                           0x00021f79   Thumb Code    10  app_timer.o(i.ticks_diff_get)
    i.timeout_handler_exec                   0x00021f84   Section        0  app_timer.o(i.timeout_handler_exec)
    timeout_handler_exec                     0x00021f85   Thumb Code    56  app_timer.o(i.timeout_handler_exec)
    i.timer_list_handler                     0x00021ffc   Section        0  app_timer.o(i.timer_list_handler)
    timer_list_handler                       0x00021ffd   Thumb Code    72  app_timer.o(i.timer_list_handler)
    i.timer_list_handler_sched               0x00022050   Section        0  app_timer.o(i.timer_list_handler_sched)
    timer_list_handler_sched                 0x00022051   Thumb Code    10  app_timer.o(i.timer_list_handler_sched)
    i.timer_list_insert                      0x0002205c   Section        0  app_timer.o(i.timer_list_insert)
    timer_list_insert                        0x0002205d   Thumb Code    98  app_timer.o(i.timer_list_insert)
    i.timer_list_remove                      0x000220c4   Section        0  app_timer.o(i.timer_list_remove)
    timer_list_remove                        0x000220c5   Thumb Code    90  app_timer.o(i.timer_list_remove)
    i.timer_start_op_schedule                0x00022130   Section        0  app_timer.o(i.timer_start_op_schedule)
    timer_start_op_schedule                  0x00022131   Thumb Code    86  app_timer.o(i.timer_start_op_schedule)
    i.timer_stop_op_schedule                 0x0002218c   Section        0  app_timer.o(i.timer_stop_op_schedule)
    timer_stop_op_schedule                   0x0002218d   Thumb Code    58  app_timer.o(i.timer_stop_op_schedule)
    i.timer_timeout_handler                  0x000221cc   Section        0  main.o(i.timer_timeout_handler)
    timer_timeout_handler                    0x000221cd   Thumb Code    56  main.o(i.timer_timeout_handler)
    i.timer_timeouts_check                   0x0002220c   Section        0  app_timer.o(i.timer_timeouts_check)
    timer_timeouts_check                     0x0002220d   Thumb Code   130  app_timer.o(i.timer_timeouts_check)
    i.timer_timeouts_check_sched             0x000222a4   Section        0  app_timer.o(i.timer_timeouts_check_sched)
    timer_timeouts_check_sched               0x000222a5   Thumb Code    10  app_timer.o(i.timer_timeouts_check_sched)
    i.timers_init                            0x000222b0   Section        0  main.o(i.timers_init)
    timers_init                              0x000222b1   Thumb Code    54  main.o(i.timers_init)
    i.tk_value_encode                        0x00022304   Section        0  ble_advdata.o(i.tk_value_encode)
    tk_value_encode                          0x00022305   Thumb Code    70  ble_advdata.o(i.tk_value_encode)
    i.transfer_byte                          0x0002234a   Section        0  nrf_drv_spi.o(i.transfer_byte)
    transfer_byte                            0x0002234b   Thumb Code   106  nrf_drv_spi.o(i.transfer_byte)
    i.tx_byte                                0x000223b4   Section        0  nrf_drv_uart.o(i.tx_byte)
    tx_byte                                  0x000223b5   Thumb Code    42  nrf_drv_uart.o(i.tx_byte)
    i.tx_done_event                          0x000223ec   Section        0  nrf_drv_uart.o(i.tx_done_event)
    tx_done_event                            0x000223ed   Thumb Code    38  nrf_drv_uart.o(i.tx_done_event)
    i.tx_power_level_encode                  0x00022418   Section        0  ble_advdata.o(i.tx_power_level_encode)
    tx_power_level_encode                    0x00022419   Thumb Code    54  ble_advdata.o(i.tx_power_level_encode)
    i.uart_irq_handler                       0x00022450   Section        0  nrf_drv_uart.o(i.uart_irq_handler)
    uart_irq_handler                         0x00022451   Thumb Code   342  nrf_drv_uart.o(i.uart_irq_handler)
    i.uarte_irq_handler                      0x000225b0   Section        0  nrf_drv_uart.o(i.uarte_irq_handler)
    uarte_irq_handler                        0x000225b1   Thumb Code   286  nrf_drv_uart.o(i.uarte_irq_handler)
    i.uint16_encode                          0x000226dc   Section        0  ble_advdata.o(i.uint16_encode)
    uint16_encode                            0x000226dd   Thumb Code    12  ble_advdata.o(i.uint16_encode)
    i.update_operation_execute               0x000226e8   Section        0  pstorage.o(i.update_operation_execute)
    update_operation_execute                 0x000226e9   Thumb Code     8  pstorage.o(i.update_operation_execute)
    i.update_status_bit_reset                0x000226f0   Section        0  device_manager_peripheral.o(i.update_status_bit_reset)
    update_status_bit_reset                  0x000226f1   Thumb Code    16  device_manager_peripheral.o(i.update_status_bit_reset)
    i.update_timeout_handler                 0x00022704   Section        0  ble_conn_params.o(i.update_timeout_handler)
    update_timeout_handler                   0x00022705   Thumb Code   126  ble_conn_params.o(i.update_timeout_handler)
    i.user_id_get                            0x00022794   Section        0  app_timer.o(i.user_id_get)
    user_id_get                              0x00022795   Thumb Code    78  app_timer.o(i.user_id_get)
    i.user_op_alloc                          0x000227ec   Section        0  app_timer.o(i.user_op_alloc)
    user_op_alloc                            0x000227ed   Thumb Code    48  app_timer.o(i.user_op_alloc)
    i.user_op_enque                          0x0002281c   Section        0  app_timer.o(i.user_op_enque)
    user_op_enque                            0x0002281d   Thumb Code     4  app_timer.o(i.user_op_enque)
    i.uuid_list_encode                       0x00022820   Section        0  ble_advdata.o(i.uuid_list_encode)
    uuid_list_encode                         0x00022821   Thumb Code    78  ble_advdata.o(i.uuid_list_encode)
    i.uuid_list_sized_encode                 0x0002286e   Section        0  ble_advdata.o(i.uuid_list_sized_encode)
    uuid_list_sized_encode                   0x0002286f   Thumb Code   220  ble_advdata.o(i.uuid_list_sized_encode)
    i.whitelist_has_entries                  0x0002294a   Section        0  ble_advertising.o(i.whitelist_has_entries)
    whitelist_has_entries                    0x0002294b   Thumb Code    18  ble_advertising.o(i.whitelist_has_entries)
    .constdata                               0x0002295c   Section        8  main.o(.constdata)
    m_our_char_timer_id                      0x0002295c   Data           4  main.o(.constdata)
    .constdata                               0x00022964   Section       32  our_service.o(.constdata)
    .constdata                               0x00022984   Section       60  bsp.o(.constdata)
    m_leds_timer_id                          0x00022984   Data           4  bsp.o(.constdata)
    m_alert_timer_id                         0x00022988   Data           4  bsp.o(.constdata)
    m_button_timer_id                        0x0002298c   Data           4  bsp.o(.constdata)
    m_buttons_list                           0x00022990   Data          16  bsp.o(.constdata)
    app_buttons                              0x000229a0   Data          32  bsp.o(.constdata)
    .constdata                               0x000229c0   Section        4  ble_conn_params.o(.constdata)
    m_conn_params_timer_id                   0x000229c0   Data           4  ble_conn_params.o(.constdata)
    .constdata                               0x000229c4   Section       52  device_manager_peripheral.o(.constdata)
    .constdata                               0x000229f8   Section       40  pstorage.o(.constdata)
    swap_sub_state_sm_lut                    0x000229f8   Data          20  pstorage.o(.constdata)
    swap_sub_state_sm_lut                    0x00022a0c   Data          20  pstorage.o(.constdata)
    .constdata                               0x00022a20   Section        8  app_button.o(.constdata)
    m_detection_delay_timer_id               0x00022a20   Data           4  app_button.o(.constdata)
    .conststring                             0x00022a28   Section       76  device_manager_peripheral.o(.conststring)
    .conststring                             0x00022a74   Section       87  softdevice_handler.o(.conststring)
    .data                                    0x20002080   Section        8  main.o(.data)
    m_app_handle                             0x20002080   Data           1  main.o(.data)
    m_conn_handle                            0x20002082   Data           2  main.o(.data)
    m_adv_uuids                              0x20002084   Data           4  main.o(.data)
    .data                                    0x20002088   Section       25  bsp.o(.data)
    m_stable_state                           0x20002088   Data           1  bsp.o(.data)
    m_app_ticks_per_100ms                    0x2000208c   Data           4  bsp.o(.data)
    m_indication_type                        0x20002090   Data           4  bsp.o(.data)
    m_alert_mask                             0x20002094   Data           4  bsp.o(.data)
    m_registered_callback                    0x20002098   Data           4  bsp.o(.data)
    current_long_push_pin_no                 0x2000209c   Data           1  bsp.o(.data)
    release_event_at_push                    0x2000209d   Data           4  bsp.o(.data)
    .data                                    0x200020a4   Section        8  bsp_btn_ble.o(.data)
    m_error_handler                          0x200020a4   Data           4  bsp_btn_ble.o(.data)
    m_num_connections                        0x200020a8   Data           4  bsp_btn_ble.o(.data)
    .data                                    0x200020ac   Section       32  ble_advertising.o(.data)
    m_advertising_start_pending              0x200020ac   Data           1  ble_advertising.o(.data)
    m_peer_address                           0x200020ad   Data           7  ble_advertising.o(.data)
    m_adv_evt                                0x200020b4   Data           1  ble_advertising.o(.data)
    m_evt_handler                            0x200020b8   Data           4  ble_advertising.o(.data)
    m_error_handler                          0x200020bc   Data           4  ble_advertising.o(.data)
    m_adv_mode_current                       0x200020c0   Data           1  ble_advertising.o(.data)
    m_whitelist_temporarily_disabled         0x200020c1   Data           1  ble_advertising.o(.data)
    m_whitelist_reply_expected               0x200020c2   Data           1  ble_advertising.o(.data)
    m_peer_addr_reply_expected               0x200020c3   Data           1  ble_advertising.o(.data)
    m_slave_conn_int                         0x200020c4   Data           4  ble_advertising.o(.data)
    m_tx_power_level                         0x200020c8   Data           1  ble_advertising.o(.data)
    current_slave_link_conn_handle           0x200020ca   Data           2  ble_advertising.o(.data)
    .data                                    0x200020cc   Section       21  ble_conn_params.o(.data)
    m_preferred_conn_params                  0x200020cc   Data           8  ble_conn_params.o(.data)
    m_update_count                           0x200020d4   Data           1  ble_conn_params.o(.data)
    m_conn_handle                            0x200020d6   Data           2  ble_conn_params.o(.data)
    m_current_conn_params                    0x200020d8   Data           8  ble_conn_params.o(.data)
    m_change_param                           0x200020e0   Data           1  ble_conn_params.o(.data)
    .data                                    0x200020e4   Section       20  device_manager_peripheral.o(.data)
    m_storage_handle                         0x200020e4   Data           8  device_manager_peripheral.o(.data)
    m_peer_addr_update                       0x200020ec   Data           4  device_manager_peripheral.o(.data)
    m_module_initialized                     0x200020f0   Data           1  device_manager_peripheral.o(.data)
    m_irk_index_table                        0x200020f1   Data           7  device_manager_peripheral.o(.data)
    .data                                    0x200020f8   Section       40  pstorage.o(.data)
    m_next_app_instance                      0x200020f8   Data           2  pstorage.o(.data)
    m_next_page_addr                         0x200020fc   Data           4  pstorage.o(.data)
    m_state                                  0x20002100   Data           1  pstorage.o(.data)
    m_swap_sub_state                         0x20002101   Data           1  pstorage.o(.data)
    m_head_word_size                         0x20002104   Data           4  pstorage.o(.data)
    m_tail_word_size                         0x20002108   Data           4  pstorage.o(.data)
    m_current_page_id                        0x2000210c   Data           4  pstorage.o(.data)
    m_num_of_command_retries                 0x20002110   Data           4  pstorage.o(.data)
    m_num_of_bytes_written                   0x20002114   Data           4  pstorage.o(.data)
    m_app_data_size                          0x20002118   Data           4  pstorage.o(.data)
    m_flags                                  0x2000211c   Data           4  pstorage.o(.data)
    .data                                    0x20002120   Section       20  app_button.o(.data)
    mp_buttons                               0x20002120   Data           4  app_button.o(.data)
    m_button_count                           0x20002124   Data           1  app_button.o(.data)
    m_detection_delay                        0x20002128   Data           4  app_button.o(.data)
    m_pin_state                              0x2000212c   Data           4  app_button.o(.data)
    m_pin_transition                         0x20002130   Data           4  app_button.o(.data)
    .data                                    0x20002134   Section       34  app_timer.o(.data)
    m_user_array_size                        0x20002134   Data           1  app_timer.o(.data)
    mp_users                                 0x20002138   Data           4  app_timer.o(.data)
    mp_timer_id_head                         0x2000213c   Data           4  app_timer.o(.data)
    m_ticks_latest                           0x20002140   Data           4  app_timer.o(.data)
    m_ticks_elapsed                          0x20002144   Data           8  app_timer.o(.data)
    m_ticks_elapsed_q_read_ind               0x2000214c   Data           1  app_timer.o(.data)
    m_ticks_elapsed_q_write_ind              0x2000214d   Data           1  app_timer.o(.data)
    m_evt_schedule_func                      0x20002150   Data           4  app_timer.o(.data)
    m_rtc1_running                           0x20002154   Data           1  app_timer.o(.data)
    m_rtc1_reset                             0x20002155   Data           1  app_timer.o(.data)
    .data                                    0x20002158   Section       24  softdevice_handler.o(.data)
    m_evt_schedule_func                      0x20002158   Data           4  softdevice_handler.o(.data)
    m_softdevice_enabled                     0x2000215c   Data           1  softdevice_handler.o(.data)
    mp_ble_evt_buffer                        0x20002160   Data           4  softdevice_handler.o(.data)
    m_ble_evt_buffer_size                    0x20002164   Data           2  softdevice_handler.o(.data)
    m_ble_evt_handler                        0x20002168   Data           4  softdevice_handler.o(.data)
    m_sys_evt_handler                        0x2000216c   Data           4  softdevice_handler.o(.data)
    .data                                    0x20002170   Section        4  system_nrf52.o(.data)
    __tagsym$$used                           0x20002170   Number         0  system_nrf52.o(.data)
    .bss                                     0x20002174   Section      572  main.o(.bss)
    m_our_char_timer_id_data                 0x20002180   Data          32  main.o(.bss)
    APP_TIMER_BUF                            0x200021a0   Data         456  main.o(.bss)
    BLE_EVT_BUFFER                           0x20002368   Data          72  main.o(.bss)
    .bss                                     0x200023b0   Section      108  bsp.o(.bss)
    m_leds_timer_id_data                     0x200023b0   Data          32  bsp.o(.bss)
    m_alert_timer_id_data                    0x200023d0   Data          32  bsp.o(.bss)
    m_events_list                            0x200023f0   Data          12  bsp.o(.bss)
    m_button_timer_id_data                   0x200023fc   Data          32  bsp.o(.bss)
    .bss                                     0x2000241c   Section      259  ble_advertising.o(.bss)
    m_advdata                                0x2000241c   Data          56  ble_advertising.o(.bss)
    m_adv_modes_config                       0x20002454   Data          36  ble_advertising.o(.bss)
    m_whitelist                              0x20002478   Data          16  ble_advertising.o(.bss)
    mp_whitelist_addr                        0x20002488   Data          32  ble_advertising.o(.bss)
    mp_whitelist_irk                         0x200024a8   Data          32  ble_advertising.o(.bss)
    m_manuf_specific_data                    0x200024c8   Data          12  ble_advertising.o(.bss)
    m_manuf_data_array                       0x200024d4   Data          31  ble_advertising.o(.bss)
    m_service_data                           0x200024f4   Data          12  ble_advertising.o(.bss)
    m_service_data_array                     0x20002500   Data          31  ble_advertising.o(.bss)
    .bss                                     0x20002520   Section       60  ble_conn_params.o(.bss)
    m_conn_params_config                     0x20002520   Data          28  ble_conn_params.o(.bss)
    m_conn_params_timer_id_data              0x2000253c   Data          32  ble_conn_params.o(.bss)
    .bss                                     0x2000255c   Section      335  device_manager_peripheral.o(.bss)
    m_app_context_table                      0x2000255c   Data          28  device_manager_peripheral.o(.bss)
    m_peer_table                             0x20002578   Data         196  device_manager_peripheral.o(.bss)
    m_bond_table                             0x2000263c   Data          28  device_manager_peripheral.o(.bss)
    m_gatts_table                            0x20002658   Data          36  device_manager_peripheral.o(.bss)
    m_connection_table                       0x2000267c   Data          12  device_manager_peripheral.o(.bss)
    m_application_table                      0x20002688   Data          12  device_manager_peripheral.o(.bss)
    m_local_id_info                          0x20002694   Data          23  device_manager_peripheral.o(.bss)
    .bss                                     0x200026ac   Section       88  nrf_drv_gpiote.o(.bss)
    m_cb                                     0x200026ac   Data          88  nrf_drv_gpiote.o(.bss)
    .bss                                     0x20002704   Section       32  nrf_drv_uart.o(.bss)
    m_cb                                     0x20002704   Data          32  nrf_drv_uart.o(.bss)
    .bss                                     0x20002724   Section      228  pstorage.o(.bss)
    m_cmd_queue                              0x20002724   Data         204  pstorage.o(.bss)
    m_app_table                              0x200027f0   Data          24  pstorage.o(.bss)
    .bss                                     0x20002808   Section       32  nrf_drv_spi.o(.bss)
    m_cb                                     0x20002808   Data          32  nrf_drv_spi.o(.bss)
    .bss                                     0x20002828   Section       32  app_button.o(.bss)
    m_detection_delay_timer_id_data          0x20002828   Data          32  app_button.o(.bss)
    .bss                                     0x20002848   Section       32  app_error.o(.bss)
    m_error_data                             0x20002848   Data          32  app_error.o(.bss)
    .bss                                     0x20002868   Section       88  fstorage.o(.bss)
    m_queue                                  0x20002868   Data          88  fstorage.o(.bss)
    .bss                                     0x200028c0   Section       12  softdevice_handler.o(.bss)
    STACK                                    0x200028d0   Section     8192  arm_startup_nrf52.o(STACK)

    Global Symbols

    Symbol Name                              Value     Ov Type        Size  Object(Section)

    BuildAttributes$$THM_ISAv4$E$P$D$K$B$S$7EM$VFPi3$EXTD16$VFPS$VFMA$PE$A:L22UL41UL21$X:L11$S22US41US21$IEEE1$IW$USESV6$~STKCKD$USESV7$~SHL$OTIME$ROPI$IEEEJ$EBA8$MICROLIB$REQ8$PRES8$EABIv2 0x00000000   Number         0  anon$$obj.o ABSOLUTE
    __ARM_use_no_argv                        0x00000000   Number         0  main.o ABSOLUTE
    __cpp_initialize__aeabi_                  - Undefined Weak Reference
    __cxa_finalize                            - Undefined Weak Reference
    __decompress                              - Undefined Weak Reference
    _clock_init                               - Undefined Weak Reference
    _microlib_exit                            - Undefined Weak Reference
    fs_data$$Base                             - Undefined Reference
    fs_data$$Limit                            - Undefined Reference
    __Vectors_Size                           0x00000200   Number         0  arm_startup_nrf52.o ABSOLUTE
    __Vectors                                0x0001c000   Data           4  arm_startup_nrf52.o(RESET)
    __Vectors_End                            0x0001c200   Data           0  arm_startup_nrf52.o(RESET)
    __main                                   0x0001c201   Thumb Code     0  entry.o(.ARM.Collect$$$$00000000)
    _main_stk                                0x0001c201   Thumb Code     0  entry2.o(.ARM.Collect$$$$00000001)
    _main_scatterload                        0x0001c205   Thumb Code     0  entry5.o(.ARM.Collect$$$$00000004)
    __main_after_scatterload                 0x0001c209   Thumb Code     0  entry5.o(.ARM.Collect$$$$00000004)
    _main_clock                              0x0001c209   Thumb Code     0  entry7b.o(.ARM.Collect$$$$00000008)
    _main_cpp_init                           0x0001c209   Thumb Code     0  entry8b.o(.ARM.Collect$$$$0000000A)
    _main_init                               0x0001c209   Thumb Code     0  entry9a.o(.ARM.Collect$$$$0000000B)
    __rt_final_cpp                           0x0001c211   Thumb Code     0  entry10a.o(.ARM.Collect$$$$0000000D)
    __rt_final_exit                          0x0001c211   Thumb Code     0  entry11a.o(.ARM.Collect$$$$0000000F)
    __asm___11_app_timer_c_cd27f9c3__nrf_delay_us 0x0001c215   Thumb Code   118  app_timer.o(.emb_text)
    Reset_Handler                            0x0001c28d   Thumb Code     8  arm_startup_nrf52.o(.text)
    NMI_Handler                              0x0001c295   Thumb Code     2  arm_startup_nrf52.o(.text)
    HardFault_Handler                        0x0001c297   Thumb Code     2  arm_startup_nrf52.o(.text)
    MemoryManagement_Handler                 0x0001c299   Thumb Code     2  arm_startup_nrf52.o(.text)
    BusFault_Handler                         0x0001c29b   Thumb Code     2  arm_startup_nrf52.o(.text)
    UsageFault_Handler                       0x0001c29d   Thumb Code     2  arm_startup_nrf52.o(.text)
    SVC_Handler                              0x0001c29f   Thumb Code     2  arm_startup_nrf52.o(.text)
    DebugMon_Handler                         0x0001c2a1   Thumb Code     2  arm_startup_nrf52.o(.text)
    PendSV_Handler                           0x0001c2a3   Thumb Code     2  arm_startup_nrf52.o(.text)
    SysTick_Handler                          0x0001c2a5   Thumb Code     2  arm_startup_nrf52.o(.text)
    CCM_AAR_IRQHandler                       0x0001c2a7   Thumb Code     0  arm_startup_nrf52.o(.text)
    COMP_LPCOMP_IRQHandler                   0x0001c2a7   Thumb Code     0  arm_startup_nrf52.o(.text)
    ECB_IRQHandler                           0x0001c2a7   Thumb Code     0  arm_startup_nrf52.o(.text)
    FPU_IRQHandler                           0x0001c2a7   Thumb Code     0  arm_startup_nrf52.o(.text)
    I2S_IRQHandler                           0x0001c2a7   Thumb Code     0  arm_startup_nrf52.o(.text)
    MWU_IRQHandler                           0x0001c2a7   Thumb Code     0  arm_startup_nrf52.o(.text)
    NFCT_IRQHandler                          0x0001c2a7   Thumb Code     0  arm_startup_nrf52.o(.text)
    PDM_IRQHandler                           0x0001c2a7   Thumb Code     0  arm_startup_nrf52.o(.text)
    POWER_CLOCK_IRQHandler                   0x0001c2a7   Thumb Code     0  arm_startup_nrf52.o(.text)
    PWM0_IRQHandler                          0x0001c2a7   Thumb Code     0  arm_startup_nrf52.o(.text)
    PWM1_IRQHandler                          0x0001c2a7   Thumb Code     0  arm_startup_nrf52.o(.text)
    PWM2_IRQHandler                          0x0001c2a7   Thumb Code     0  arm_startup_nrf52.o(.text)
    QDEC_IRQHandler                          0x0001c2a7   Thumb Code     0  arm_startup_nrf52.o(.text)
    RADIO_IRQHandler                         0x0001c2a7   Thumb Code     0  arm_startup_nrf52.o(.text)
    RNG_IRQHandler                           0x0001c2a7   Thumb Code     0  arm_startup_nrf52.o(.text)
    RTC0_IRQHandler                          0x0001c2a7   Thumb Code     0  arm_startup_nrf52.o(.text)
    RTC2_IRQHandler                          0x0001c2a7   Thumb Code     0  arm_startup_nrf52.o(.text)
    SAADC_IRQHandler                         0x0001c2a7   Thumb Code     0  arm_startup_nrf52.o(.text)
    SPIM1_SPIS1_TWIM1_TWIS1_SPI1_TWI1_IRQHandler 0x0001c2a7   Thumb Code     0  arm_startup_nrf52.o(.text)
    SPIM2_SPIS2_SPI2_IRQHandler              0x0001c2a7   Thumb Code     0  arm_startup_nrf52.o(.text)
    SWI1_EGU1_IRQHandler                     0x0001c2a7   Thumb Code     0  arm_startup_nrf52.o(.text)
    SWI3_EGU3_IRQHandler                     0x0001c2a7   Thumb Code     0  arm_startup_nrf52.o(.text)
    SWI4_EGU4_IRQHandler                     0x0001c2a7   Thumb Code     0  arm_startup_nrf52.o(.text)
    SWI5_EGU5_IRQHandler                     0x0001c2a7   Thumb Code     0  arm_startup_nrf52.o(.text)
    TEMP_IRQHandler                          0x0001c2a7   Thumb Code     0  arm_startup_nrf52.o(.text)
    TIMER0_IRQHandler                        0x0001c2a7   Thumb Code     0  arm_startup_nrf52.o(.text)
    TIMER1_IRQHandler                        0x0001c2a7   Thumb Code     0  arm_startup_nrf52.o(.text)
    TIMER2_IRQHandler                        0x0001c2a7   Thumb Code     0  arm_startup_nrf52.o(.text)
    TIMER3_IRQHandler                        0x0001c2a7   Thumb Code     0  arm_startup_nrf52.o(.text)
    TIMER4_IRQHandler                        0x0001c2a7   Thumb Code     0  arm_startup_nrf52.o(.text)
    WDT_IRQHandler                           0x0001c2a7   Thumb Code     0  arm_startup_nrf52.o(.text)
    __aeabi_memcpy                           0x0001c2b1   Thumb Code    36  memcpya.o(.text)
    __aeabi_memcpy4                          0x0001c2b1   Thumb Code     0  memcpya.o(.text)
    __aeabi_memcpy8                          0x0001c2b1   Thumb Code     0  memcpya.o(.text)
    __aeabi_memset                           0x0001c2d5   Thumb Code    14  memseta.o(.text)
    __aeabi_memset4                          0x0001c2d5   Thumb Code     0  memseta.o(.text)
    __aeabi_memset8                          0x0001c2d5   Thumb Code     0  memseta.o(.text)
    __aeabi_memclr                           0x0001c2e3   Thumb Code     4  memseta.o(.text)
    __aeabi_memclr4                          0x0001c2e3   Thumb Code     0  memseta.o(.text)
    __aeabi_memclr8                          0x0001c2e3   Thumb Code     0  memseta.o(.text)
    _memset$wrapper                          0x0001c2e7   Thumb Code    18  memseta.o(.text)
    memcmp                                   0x0001c2f9   Thumb Code    26  memcmp.o(.text)
    __scatterload                            0x0001c315   Thumb Code    28  init.o(.text)
    __scatterload_rt2                        0x0001c315   Thumb Code     0  init.o(.text)
    GPIOTE_IRQHandler                        0x0001c339   Thumb Code   420  nrf_drv_gpiote.o(i.GPIOTE_IRQHandler)
    RTC1_IRQHandler                          0x0001c561   Thumb Code    44  app_timer.o(i.RTC1_IRQHandler)
    SPIM0_SPIS0_TWIM0_TWIS0_SPI0_TWI0_IRQHandler 0x0001c595   Thumb Code    14  nrf_drv_spi.o(i.SPIM0_SPIS0_TWIM0_TWIS0_SPI0_TWI0_IRQHandler)
    SWI0_EGU0_IRQHandler                     0x0001c5ad   Thumb Code     8  app_timer.o(i.SWI0_EGU0_IRQHandler)
    SWI2_EGU2_IRQHandler                     0x0001c5b5   Thumb Code    48  softdevice_handler.o(i.SWI2_EGU2_IRQHandler)
    SystemCoreClockUpdate                    0x0001c5ed   Thumb Code     8  system_nrf52.o(i.SystemCoreClockUpdate)
    SystemInit                               0x0001c5fd   Thumb Code   578  system_nrf52.o(i.SystemInit)
    UARTE0_UART0_IRQHandler                  0x0001c881   Thumb Code    20  nrf_drv_uart.o(i.UARTE0_UART0_IRQHandler)
    __scatterload_copy                       0x0001c899   Thumb Code    14  handlers.o(i.__scatterload_copy)
    __scatterload_null                       0x0001c8a7   Thumb Code     2  handlers.o(i.__scatterload_null)
    __scatterload_zeroinit                   0x0001c8a9   Thumb Code    14  handlers.o(i.__scatterload_zeroinit)
    adv_data_encode                          0x0001c8b7   Thumb Code   454  ble_advdata.o(i.adv_data_encode)
    app_button_enable                        0x0001cb91   Thumb Code    34  app_button.o(i.app_button_enable)
    app_button_init                          0x0001cbbd   Thumb Code   132  app_button.o(i.app_button_init)
    app_error_fault_handler                  0x0001cc65   Thumb Code    26  app_error_weak.o(i.app_error_fault_handler)
    app_error_handler                        0x0001cc7f   Thumb Code    32  app_error.o(i.app_error_handler)
    app_error_save_and_stop                  0x0001cca1   Thumb Code   132  app_error.o(i.app_error_save_and_stop)
    app_timer_create                         0x0001cda1   Thumb Code    56  app_timer.o(i.app_timer_create)
    app_timer_init                           0x0001cddd   Thumb Code   154  app_timer.o(i.app_timer_init)
    app_timer_start                          0x0001ce95   Thumb Code    84  app_timer.o(i.app_timer_start)
    app_timer_stop                           0x0001ceed   Thumb Code    48  app_timer.o(i.app_timer_stop)
    ble_advdata_set                          0x0001cf8d   Thumb Code   148  ble_advdata.o(i.ble_advdata_set)
    ble_advertising_init                     0x0001d021   Thumb Code   324  ble_advertising.o(i.ble_advertising_init)
    ble_advertising_on_ble_evt               0x0001d19d   Thumb Code   224  ble_advertising.o(i.ble_advertising_on_ble_evt)
    ble_advertising_on_sys_evt               0x0001d295   Thumb Code    64  ble_advertising.o(i.ble_advertising_on_sys_evt)
    ble_advertising_restart_without_whitelist 0x0001d2f1   Thumb Code    98  ble_advertising.o(i.ble_advertising_restart_without_whitelist)
    ble_advertising_start                    0x0001d369   Thumb Code   604  ble_advertising.o(i.ble_advertising_start)
    ble_conn_params_init                     0x0001d5f1   Thumb Code    84  ble_conn_params.o(i.ble_conn_params_init)
    ble_conn_params_on_ble_evt               0x0001d661   Thumb Code    62  ble_conn_params.o(i.ble_conn_params_on_ble_evt)
    ble_our_service_on_ble_evt               0x0001d745   Thumb Code    32  our_service.o(i.ble_our_service_on_ble_evt)
    bond_data_load                           0x0001d871   Thumb Code    64  device_manager_peripheral.o(i.bond_data_load)
    bsp_btn_ble_init                         0x0001d8c1   Thumb Code    48  bsp_btn_ble.o(i.bsp_btn_ble_init)
    bsp_btn_ble_on_ble_evt                   0x0001d8f9   Thumb Code   110  bsp_btn_ble.o(i.bsp_btn_ble_on_ble_evt)
    bsp_btn_ble_sleep_mode_prepare           0x0001d971   Thumb Code    28  bsp_btn_ble.o(i.bsp_btn_ble_sleep_mode_prepare)
    bsp_button_is_pressed                    0x0001da69   Thumb Code    46  bsp.o(i.bsp_button_is_pressed)
    bsp_event_handler                        0x0001daa1   Thumb Code   104  main.o(i.bsp_event_handler)
    bsp_event_to_button_action_assign        0x0001db1d   Thumb Code    86  bsp.o(i.bsp_event_to_button_action_assign)
    bsp_indication_set                       0x0001db79   Thumb Code    28  bsp.o(i.bsp_indication_set)
    bsp_init                                 0x0001db99   Thumb Code   164  bsp.o(i.bsp_init)
    bsp_wakeup_buttons_set                   0x0001e205   Thumb Code    70  bsp.o(i.bsp_wakeup_buttons_set)
    dm_ble_evt_handler                       0x0001edf9   Thumb Code  1696  device_manager_peripheral.o(i.dm_ble_evt_handler)
    dm_handle_initialize                     0x0001f4b1   Thumb Code    24  device_manager_peripheral.o(i.dm_handle_initialize)
    dm_init                                  0x0001f4c9   Thumb Code   234  device_manager_peripheral.o(i.dm_init)
    dm_register                              0x0001f82d   Thumb Code   166  device_manager_peripheral.o(i.dm_register)
    fs_queued_op_count_get                   0x0001fdc5   Thumb Code    18  fstorage.o(i.fs_queued_op_count_get)
    intern_softdevice_events_execute         0x000201f9   Thumb Code   150  softdevice_handler.o(i.intern_softdevice_events_execute)
    main                                     0x000205d9   Thumb Code    84  main.o(i.main)
    nrf_drv_common_irq_enable                0x000207a9   Thumb Code    84  nrf_drv_common.o(i.nrf_drv_common_irq_enable)
    nrf_drv_gpiote_in_event_enable           0x00020809   Thumb Code   170  nrf_drv_gpiote.o(i.nrf_drv_gpiote_in_event_enable)
    nrf_drv_gpiote_in_init                   0x000208c1   Thumb Code   198  nrf_drv_gpiote.o(i.nrf_drv_gpiote_in_init)
    nrf_drv_gpiote_in_is_set                 0x00020999   Thumb Code    24  nrf_drv_gpiote.o(i.nrf_drv_gpiote_in_is_set)
    nrf_drv_gpiote_init                      0x000209b5   Thumb Code    78  nrf_drv_gpiote.o(i.nrf_drv_gpiote_init)
    nrf_drv_gpiote_is_init                   0x00020a09   Thumb Code    16  nrf_drv_gpiote.o(i.nrf_drv_gpiote_is_init)
    our_service_init                         0x00020e7d   Thumb Code   100  our_service.o(i.our_service_init)
    our_termperature_characteristic_update   0x00020efd   Thumb Code    68  our_service.o(i.our_termperature_characteristic_update)
    pstorage_access_status_get               0x0002104d   Thumb Code    36  pstorage.o(i.pstorage_access_status_get)
    pstorage_block_identifier_get            0x00021079   Thumb Code   154  pstorage.o(i.pstorage_block_identifier_get)
    pstorage_clear                           0x0002111d   Thumb Code   280  pstorage.o(i.pstorage_clear)
    pstorage_init                            0x00021265   Thumb Code   110  pstorage.o(i.pstorage_init)
    pstorage_load                            0x000212f5   Thumb Code   236  pstorage.o(i.pstorage_load)
    pstorage_register                        0x000213e9   Thumb Code   256  pstorage.o(i.pstorage_register)
    pstorage_store                           0x000214f9   Thumb Code   212  pstorage.o(i.pstorage_store)
    pstorage_sys_event_handler               0x000215d5   Thumb Code    62  pstorage.o(i.pstorage_sys_event_handler)
    pstorage_update                          0x0002161d   Thumb Code   212  pstorage.o(i.pstorage_update)
    sd_check_ram_start                       0x00021831   Thumb Code    22  softdevice_handler.o(i.sd_check_ram_start)
    softdevice_ble_evt_handler_set           0x00021a75   Thumb Code    20  softdevice_handler.o(i.softdevice_ble_evt_handler_set)
    softdevice_enable                        0x00021a8d   Thumb Code    24  softdevice_handler.o(i.softdevice_enable)
    softdevice_enable_get_default_config     0x00021aa9   Thumb Code    44  softdevice_handler.o(i.softdevice_enable_get_default_config)
    softdevice_fault_handler                 0x00021ad5   Thumb Code    20  softdevice_handler.o(i.softdevice_fault_handler)
    softdevice_handler_init                  0x00021ae9   Thumb Code    80  softdevice_handler.o(i.softdevice_handler_init)
    softdevice_sys_evt_handler_set           0x00021b4d   Thumb Code    20  softdevice_handler.o(i.softdevice_sys_evt_handler_set)
    m_service_context_store                  0x000229c4   Data          16  device_manager_peripheral.o(.constdata)
    m_service_context_load                   0x000229d4   Data          16  device_manager_peripheral.o(.constdata)
    m_service_context_apply                  0x000229e4   Data          16  device_manager_peripheral.o(.constdata)
    m_context_init_len                       0x000229f4   Data           4  device_manager_peripheral.o(.constdata)
    Region$$Table$$Base                      0x00022acc   Number         0  anon$$obj.o(Region$$Table)
    Region$$Table$$Limit                     0x00022aec   Number         0  anon$$obj.o(Region$$Table)
    Image$$RW_IRAM1$$Base                    0x20002080   Number         0  anon$$obj.o ABSOLUTE
    SystemCoreClock                          0x20002170   Data           4  system_nrf52.o(.data)
    m_our_service                            0x20002174   Data          12  main.o(.bss)
    nrf_nvic_state                           0x200028c0   Data          12  softdevice_handler.o(.bss)
    __initial_sp                             0x200048d0   Data           0  arm_startup_nrf52.o(STACK)



==============================================================================

Memory Map of the image

  Image Entry point : 0x0001c201

  Load Region LR_IROM1 (Base: 0x0001c000, Size: 0x00006be0, Max: 0x00064000, ABSOLUTE)

    Execution Region ER_IROM1 (Base: 0x0001c000, Size: 0x00006aec, Max: 0x00064000, ABSOLUTE)

    Base Addr    Size         Type   Attr      Idx    E Section Name        Object

    0x0001c000   0x00000200   Data   RO         4019    RESET               arm_startup_nrf52.o
    0x0001c200   0x00000000   Code   RO         4130  * .ARM.Collect$$$$00000000  mc_w.l(entry.o)
    0x0001c200   0x00000004   Code   RO         4163    .ARM.Collect$$$$00000001  mc_w.l(entry2.o)
    0x0001c204   0x00000004   Code   RO         4166    .ARM.Collect$$$$00000004  mc_w.l(entry5.o)
    0x0001c208   0x00000000   Code   RO         4168    .ARM.Collect$$$$00000008  mc_w.l(entry7b.o)
    0x0001c208   0x00000000   Code   RO         4170    .ARM.Collect$$$$0000000A  mc_w.l(entry8b.o)
    0x0001c208   0x00000008   Code   RO         4171    .ARM.Collect$$$$0000000B  mc_w.l(entry9a.o)
    0x0001c210   0x00000000   Code   RO         4173    .ARM.Collect$$$$0000000D  mc_w.l(entry10a.o)
    0x0001c210   0x00000000   Code   RO         4175    .ARM.Collect$$$$0000000F  mc_w.l(entry11a.o)
    0x0001c210   0x00000004   Code   RO         4164    .ARM.Collect$$$$00002712  mc_w.l(entry2.o)
    0x0001c214   0x00000076   Code   RO         2511    .emb_text           app_timer.o
    0x0001c28a   0x00000002   PAD
    0x0001c28c   0x00000024   Code   RO         4020    .text               arm_startup_nrf52.o
    0x0001c2b0   0x00000024   Code   RO         4135    .text               mc_w.l(memcpya.o)
    0x0001c2d4   0x00000024   Code   RO         4137    .text               mc_w.l(memseta.o)
    0x0001c2f8   0x0000001a   Code   RO         4141    .text               mc_w.l(memcmp.o)
    0x0001c312   0x00000002   PAD
    0x0001c314   0x00000024   Code   RO         4188    .text               mc_w.l(init.o)
    0x0001c338   0x000001b8   Code   RO         1403    i.GPIOTE_IRQHandler  nrf_drv_gpiote.o
    0x0001c4f0   0x00000018   Code   RO         2512    i.NVIC_ClearPendingIRQ  app_timer.o
    0x0001c508   0x00000016   Code   RO         2513    i.NVIC_EnableIRQ    app_timer.o
    0x0001c51e   0x00000002   PAD
    0x0001c520   0x00000018   Code   RO         2514    i.NVIC_SetPendingIRQ  app_timer.o
    0x0001c538   0x00000028   Code   RO         2515    i.NVIC_SetPriority  app_timer.o
    0x0001c560   0x00000034   Code   RO         2516    i.RTC1_IRQHandler   app_timer.o
    0x0001c594   0x00000018   Code   RO         2262    i.SPIM0_SPIS0_TWIM0_TWIS0_SPI0_TWI0_IRQHandler  nrf_drv_spi.o
    0x0001c5ac   0x00000008   Code   RO         2517    i.SWI0_EGU0_IRQHandler  app_timer.o
    0x0001c5b4   0x00000038   Code   RO         3013    i.SWI2_EGU2_IRQHandler  softdevice_handler.o
    0x0001c5ec   0x00000010   Code   RO         4027    i.SystemCoreClockUpdate  system_nrf52.o
    0x0001c5fc   0x00000284   Code   RO         4028    i.SystemInit        system_nrf52.o
    0x0001c880   0x00000018   Code   RO         1642    i.UARTE0_UART0_IRQHandler  nrf_drv_uart.o
    0x0001c898   0x0000000e   Code   RO         4192    i.__scatterload_copy  mc_w.l(handlers.o)
    0x0001c8a6   0x00000002   Code   RO         4193    i.__scatterload_null  mc_w.l(handlers.o)
    0x0001c8a8   0x0000000e   Code   RO         4194    i.__scatterload_zeroinit  mc_w.l(handlers.o)
    0x0001c8b6   0x000001c6   Code   RO          594    i.adv_data_encode   ble_advdata.o
    0x0001ca7c   0x00000012   Code   RO          595    i.advdata_check     ble_advdata.o
    0x0001ca8e   0x00000054   Code   RO          538    i.advertising_buttons_configure  bsp_btn_ble.o
    0x0001cae2   0x00000002   PAD
    0x0001cae4   0x00000088   Code   RO            4    i.advertising_init  main.o
    0x0001cb6c   0x00000024   Code   RO          418    i.alert_timer_handler  bsp.o
    0x0001cb90   0x0000002c   Code   RO         2386    i.app_button_enable  app_button.o
    0x0001cbbc   0x000000a8   Code   RO         2387    i.app_button_init   app_button.o
    0x0001cc64   0x0000001a   Code   RO         2487    i.app_error_fault_handler  app_error_weak.o
    0x0001cc7e   0x00000020   Code   RO         2447    i.app_error_handler  app_error.o
    0x0001cc9e   0x00000002   PAD
    0x0001cca0   0x00000088   Code   RO         2449    i.app_error_save_and_stop  app_error.o
    0x0001cd28   0x00000020   Code   RO          968    i.app_evt_notify    device_manager_peripheral.o
    0x0001cd48   0x00000030   Code   RO         1928    i.app_notify        pstorage.o
    0x0001cd78   0x00000028   Code   RO         1929    i.app_notify_error_state_transit  pstorage.o
    0x0001cda0   0x0000003c   Code   RO         2520    i.app_timer_create  app_timer.o
    0x0001cddc   0x000000b8   Code   RO         2521    i.app_timer_init    app_timer.o
    0x0001ce94   0x00000058   Code   RO         2522    i.app_timer_start   app_timer.o
    0x0001ceec   0x00000034   Code   RO         2523    i.app_timer_stop    app_timer.o
    0x0001cf20   0x00000052   Code   RO          596    i.appearance_encode  ble_advdata.o
    0x0001cf72   0x00000002   PAD
    0x0001cf74   0x00000018   Code   RO            5    i.application_timers_start  main.o
    0x0001cf8c   0x00000094   Code   RO          597    i.ble_advdata_set   ble_advdata.o
    0x0001d020   0x0000017c   Code   RO          719    i.ble_advertising_init  ble_advertising.o
    0x0001d19c   0x000000f8   Code   RO          720    i.ble_advertising_on_ble_evt  ble_advertising.o
    0x0001d294   0x0000004c   Code   RO          721    i.ble_advertising_on_sys_evt  ble_advertising.o
    0x0001d2e0   0x00000010   Code   RO          723    i.ble_advertising_peer_address_clear  ble_advertising.o
    0x0001d2f0   0x00000078   Code   RO          724    i.ble_advertising_restart_without_whitelist  ble_advertising.o
    0x0001d368   0x00000288   Code   RO          725    i.ble_advertising_start  ble_advertising.o
    0x0001d5f0   0x00000070   Code   RO          824    i.ble_conn_params_init  ble_conn_params.o
    0x0001d660   0x0000003e   Code   RO          825    i.ble_conn_params_on_ble_evt  ble_conn_params.o
    0x0001d69e   0x00000074   Code   RO          598    i.ble_device_addr_encode  ble_advdata.o
    0x0001d712   0x00000002   PAD
    0x0001d714   0x00000030   Code   RO            7    i.ble_evt_dispatch  main.o
    0x0001d744   0x00000020   Code   RO          336    i.ble_our_service_on_ble_evt  our_service.o
    0x0001d764   0x0000010c   Code   RO            8    i.ble_stack_init    main.o
    0x0001d870   0x00000050   Code   RO          969    i.bond_data_load    device_manager_peripheral.o
    0x0001d8c0   0x00000038   Code   RO          539    i.bsp_btn_ble_init  bsp_btn_ble.o
    0x0001d8f8   0x00000078   Code   RO          540    i.bsp_btn_ble_on_ble_evt  bsp_btn_ble.o
    0x0001d970   0x0000001c   Code   RO          541    i.bsp_btn_ble_sleep_mode_prepare  bsp_btn_ble.o
    0x0001d98c   0x000000dc   Code   RO          419    i.bsp_button_event_handler  bsp.o
    0x0001da68   0x00000038   Code   RO          420    i.bsp_button_is_pressed  bsp.o
    0x0001daa0   0x0000007c   Code   RO            9    i.bsp_event_handler  main.o
    0x0001db1c   0x0000005c   Code   RO          424    i.bsp_event_to_button_action_assign  bsp.o
    0x0001db78   0x00000020   Code   RO          425    i.bsp_indication_set  bsp.o
    0x0001db98   0x000000d0   Code   RO          427    i.bsp_init          bsp.o
    0x0001dc68   0x0000059c   Code   RO          428    i.bsp_led_indication  bsp.o
    0x0001e204   0x00000050   Code   RO          429    i.bsp_wakeup_buttons_set  bsp.o
    0x0001e254   0x0000000e   Code   RO          430    i.button_timer_handler  bsp.o
    0x0001e262   0x00000002   PAD
    0x0001e264   0x00000074   Code   RO           10    i.buttons_leds_init  main.o
    0x0001e2d8   0x00000020   Code   RO         1404    i.channel_free      nrf_drv_gpiote.o
    0x0001e2f8   0x00000010   Code   RO         1405    i.channel_handler_get  nrf_drv_gpiote.o
    0x0001e308   0x00000080   Code   RO         1406    i.channel_port_alloc  nrf_drv_gpiote.o
    0x0001e388   0x0000000c   Code   RO         1407    i.channel_port_get  nrf_drv_gpiote.o
    0x0001e394   0x00000104   Code   RO         1930    i.clear_operation_execute  pstorage.o
    0x0001e498   0x00000028   Code   RO         1931    i.clear_post_processing_run  pstorage.o
    0x0001e4c0   0x00000048   Code   RO         1932    i.cmd_process       pstorage.o
    0x0001e508   0x00000014   Code   RO         1933    i.cmd_queue_dequeue  pstorage.o
    0x0001e51c   0x00000050   Code   RO         1934    i.cmd_queue_element_init  pstorage.o
    0x0001e56c   0x0000009c   Code   RO         1935    i.cmd_queue_enqueue  pstorage.o
    0x0001e608   0x00000020   Code   RO         1936    i.cmd_queue_init    pstorage.o
    0x0001e628   0x00000028   Code   RO         1937    i.command_end_procedure_run  pstorage.o
    0x0001e650   0x0000002c   Code   RO         1938    i.command_queue_element_consume  pstorage.o
    0x0001e67c   0x00000090   Code   RO         2525    i.compare_reg_update  app_timer.o
    0x0001e70c   0x0000005a   Code   RO          599    i.conn_int_check    ble_advdata.o
    0x0001e766   0x00000068   Code   RO          600    i.conn_int_encode   ble_advdata.o
    0x0001e7ce   0x00000002   PAD
    0x0001e7d0   0x00000024   Code   RO           11    i.conn_params_error_handler  main.o
    0x0001e7f4   0x00000070   Code   RO           12    i.conn_params_init  main.o
    0x0001e864   0x00000084   Code   RO          827    i.conn_params_negotiation  ble_conn_params.o
    0x0001e8e8   0x00000054   Code   RO          542    i.connection_buttons_configure  bsp_btn_ble.o
    0x0001e93c   0x00000048   Code   RO          970    i.connection_instance_find  device_manager_peripheral.o
    0x0001e984   0x00000040   Code   RO          971    i.connection_instance_init  device_manager_peripheral.o
    0x0001e9c4   0x0000007c   Code   RO         1939    i.data_page_erase_state_run  pstorage.o
    0x0001ea40   0x00000034   Code   RO         1940    i.data_to_swap_write_state_run  pstorage.o
    0x0001ea74   0x0000008c   Code   RO         2389    i.detection_delay_timeout_handler  app_button.o
    0x0001eb00   0x000000e0   Code   RO          972    i.device_context_store  device_manager_peripheral.o
    0x0001ebe0   0x00000088   Code   RO          973    i.device_instance_allocate  device_manager_peripheral.o
    0x0001ec68   0x00000058   Code   RO          974    i.device_instance_find  device_manager_peripheral.o
    0x0001ecc0   0x0000002c   Code   RO          975    i.device_instance_free  device_manager_peripheral.o
    0x0001ecec   0x00000038   Code   RO           13    i.device_manager_evt_handler  main.o
    0x0001ed24   0x000000d4   Code   RO           14    i.device_manager_init  main.o
    0x0001edf8   0x000006b8   Code   RO          980    i.dm_ble_evt_handler  device_manager_peripheral.o
    0x0001f4b0   0x00000018   Code   RO          986    i.dm_handle_initialize  device_manager_peripheral.o
    0x0001f4c8   0x00000108   Code   RO          987    i.dm_init           device_manager_peripheral.o
    0x0001f5d0   0x0000025c   Code   RO          990    i.dm_pstorage_cb_handler  device_manager_peripheral.o
    0x0001f82c   0x000000b0   Code   RO          991    i.dm_register       device_manager_peripheral.o
    0x0001f8dc   0x00000064   Code   RO         2526    i.elapsed_ticks_acquire  app_timer.o
    0x0001f940   0x00000040   Code   RO         1941    i.erase_sub_state_sm_run  pstorage.o
    0x0001f980   0x00000054   Code   RO         4029    i.errata_108        system_nrf52.o
    0x0001f9d4   0x00000054   Code   RO         4030    i.errata_12         system_nrf52.o
    0x0001fa28   0x00000054   Code   RO         4031    i.errata_136        system_nrf52.o
    0x0001fa7c   0x00000030   Code   RO         4032    i.errata_16         system_nrf52.o
    0x0001faac   0x00000054   Code   RO         4033    i.errata_31         system_nrf52.o
    0x0001fb00   0x00000030   Code   RO         4034    i.errata_32         system_nrf52.o
    0x0001fb30   0x00000054   Code   RO         4035    i.errata_36         system_nrf52.o
    0x0001fb84   0x00000030   Code   RO         4036    i.errata_37         system_nrf52.o
    0x0001fbb4   0x00000030   Code   RO         4037    i.errata_57         system_nrf52.o
    0x0001fbe4   0x00000030   Code   RO         4038    i.errata_66         system_nrf52.o
    0x0001fc14   0x00000058   Code   RO         2527    i.expired_timers_handler  app_timer.o
    0x0001fc6c   0x0000001e   Code   RO         2263    i.finish_transfer   nrf_drv_spi.o
    0x0001fc8a   0x00000036   Code   RO          601    i.flags_encode      ble_advdata.o
    0x0001fcc0   0x00000036   Code   RO          727    i.flash_access_in_progress  ble_advertising.o
    0x0001fcf6   0x00000002   PAD
    0x0001fcf8   0x0000002c   Code   RO         1942    i.flash_api_err_code_process  pstorage.o
    0x0001fd24   0x00000044   Code   RO         1943    i.flash_operation_failure_run  pstorage.o
    0x0001fd68   0x00000030   Code   RO         1944    i.flash_operation_success_run  pstorage.o
    0x0001fd98   0x00000010   Code   RO         1945    i.flash_page_erase  pstorage.o
    0x0001fda8   0x0000001c   Code   RO         1946    i.flash_write       pstorage.o
    0x0001fdc4   0x00000018   Code   RO         2817    i.fs_queued_op_count_get  fstorage.o
    0x0001fddc   0x0000009c   Code   RO           15    i.gap_params_init   main.o
    0x0001fe78   0x00000006   Code   RO          998    i.gattc_context_apply  device_manager_peripheral.o
    0x0001fe7e   0x00000006   Code   RO          999    i.gattc_context_load  device_manager_peripheral.o
    0x0001fe84   0x00000006   Code   RO         1000    i.gattc_context_store  device_manager_peripheral.o
    0x0001fe8a   0x00000002   PAD
    0x0001fe8c   0x000000f8   Code   RO         1001    i.gatts_context_apply  device_manager_peripheral.o
    0x0001ff84   0x0000004c   Code   RO         1002    i.gatts_context_load  device_manager_peripheral.o
    0x0001ffd0   0x000000f0   Code   RO         1003    i.gatts_context_store  device_manager_peripheral.o
    0x000200c0   0x00000018   Code   RO         1004    i.gattsc_context_apply  device_manager_peripheral.o
    0x000200d8   0x0000001c   Code   RO         1005    i.gattsc_context_load  device_manager_peripheral.o
    0x000200f4   0x0000001c   Code   RO         1006    i.gattsc_context_store  device_manager_peripheral.o
    0x00020110   0x00000080   Code   RO         2390    i.gpiote_event_handler  app_button.o
    0x00020190   0x00000068   Code   RO         1947    i.head_restore_state_run  pstorage.o
    0x000201f8   0x000000b0   Code   RO         3014    i.intern_softdevice_events_execute  softdevice_handler.o
    0x000202a8   0x00000022   Code   RO         2264    i.irq_handler_spi   nrf_drv_spi.o
    0x000202ca   0x00000002   PAD
    0x000202cc   0x00000024   Code   RO          828    i.is_conn_params_ok  ble_conn_params.o
    0x000202f0   0x00000058   Code   RO         1948    i.is_page_erase_required  pstorage.o
    0x00020348   0x00000050   Code   RO         1949    i.is_tail_data_page_swap_required  pstorage.o
    0x00020398   0x00000010   Code   RO         1950    i.is_word_aligned   pstorage.o
    0x000203a8   0x0000006a   Code   RO          602    i.le_role_encode    ble_advdata.o
    0x00020412   0x00000002   PAD
    0x00020414   0x00000020   Code   RO          431    i.leds_timer_handler  bsp.o
    0x00020434   0x00000098   Code   RO         2528    i.list_deletions_handler  app_timer.o
    0x000204cc   0x0000010c   Code   RO         2529    i.list_insertions_handler  app_timer.o
    0x000205d8   0x00000064   Code   RO           16    i.main              main.o
    0x0002063c   0x00000020   Code   RO         1951    i.main_state_err_busy_process  pstorage.o
    0x0002065c   0x00000076   Code   RO          603    i.manuf_specific_data_encode  ble_advdata.o
    0x000206d2   0x000000c2   Code   RO          604    i.name_encode       ble_advdata.o
    0x00020794   0x00000006   Code   RO         1007    i.no_service_context_apply  device_manager_peripheral.o
    0x0002079a   0x00000006   Code   RO         1008    i.no_service_context_load  device_manager_peripheral.o
    0x000207a0   0x00000006   Code   RO         1009    i.no_service_context_store  device_manager_peripheral.o
    0x000207a6   0x00000002   PAD
    0x000207a8   0x00000060   Code   RO         1365    i.nrf_drv_common_irq_enable  nrf_drv_common.o
    0x00020808   0x000000b8   Code   RO         1410    i.nrf_drv_gpiote_in_event_enable  nrf_drv_gpiote.o
    0x000208c0   0x000000d8   Code   RO         1411    i.nrf_drv_gpiote_in_init  nrf_drv_gpiote.o
    0x00020998   0x0000001c   Code   RO         1412    i.nrf_drv_gpiote_in_is_set  nrf_drv_gpiote.o
    0x000209b4   0x00000054   Code   RO         1414    i.nrf_drv_gpiote_init  nrf_drv_gpiote.o
    0x00020a08   0x00000014   Code   RO         1415    i.nrf_drv_gpiote_is_init  nrf_drv_gpiote.o
    0x00020a1c   0x00000024   Code   RO         1427    i.nrf_gpio_cfg      nrf_drv_gpiote.o
    0x00020a40   0x00000024   Code   RO         1429    i.nrf_gpio_cfg_sense_set  nrf_drv_gpiote.o
    0x00020a64   0x00000010   Code   RO         2272    i.nrf_gpio_pin_set  nrf_drv_spi.o
    0x00020a74   0x0000000c   Code   RO         1432    i.nrf_gpiote_event_addr_get  nrf_drv_gpiote.o
    0x00020a80   0x0000001c   Code   RO         1433    i.nrf_gpiote_event_clear  nrf_drv_gpiote.o
    0x00020a9c   0x00000016   Code   RO         1434    i.nrf_gpiote_event_is_set  nrf_drv_gpiote.o
    0x00020ab2   0x00000002   PAD
    0x00020ab4   0x0000000c   Code   RO         1435    i.nrf_gpiote_int_enable  nrf_drv_gpiote.o
    0x00020ac0   0x00000006   Code   RO         2273    i.nrf_spi_event_clear  nrf_drv_spi.o
    0x00020ac6   0x00000006   Code   RO         2276    i.nrf_spi_txd_set   nrf_drv_spi.o
    0x00020acc   0x0000000c   Code   RO         1663    i.nrf_uart_errorsrc_get_and_clear  nrf_drv_uart.o
    0x00020ad8   0x0000000e   Code   RO         1664    i.nrf_uart_event_check  nrf_drv_uart.o
    0x00020ae6   0x00000006   Code   RO         1665    i.nrf_uart_event_clear  nrf_drv_uart.o
    0x00020aec   0x00000006   Code   RO         1667    i.nrf_uart_int_disable  nrf_drv_uart.o
    0x00020af2   0x00000012   Code   RO         1669    i.nrf_uart_int_enable_check  nrf_drv_uart.o
    0x00020b04   0x00000006   Code   RO         1670    i.nrf_uart_task_trigger  nrf_drv_uart.o
    0x00020b0a   0x0000000c   Code   RO         1672    i.nrf_uarte_errorsrc_get_and_clear  nrf_drv_uart.o
    0x00020b16   0x0000000e   Code   RO         1673    i.nrf_uarte_event_check  nrf_drv_uart.o
    0x00020b24   0x00000006   Code   RO         1674    i.nrf_uarte_event_clear  nrf_drv_uart.o
    0x00020b2a   0x0000000a   Code   RO         1678    i.nrf_uarte_rx_amount_get  nrf_drv_uart.o
    0x00020b34   0x00000048   Code   RO           17    i.on_adv_evt        main.o
    0x00020b7c   0x0000005c   Code   RO           18    i.on_ble_evt        main.o
    0x00020bd8   0x00000040   Code   RO           19    i.on_conn_params_evt  main.o
    0x00020c18   0x00000018   Code   RO          829    i.on_conn_params_update  ble_conn_params.o
    0x00020c30   0x00000038   Code   RO          830    i.on_connect        ble_conn_params.o
    0x00020c68   0x00000040   Code   RO          831    i.on_disconnect     ble_conn_params.o
    0x00020ca8   0x00000058   Code   RO          832    i.on_write          ble_conn_params.o
    0x00020d00   0x0000017c   Code   RO          337    i.our_char_add      our_service.o
    0x00020e7c   0x00000080   Code   RO          338    i.our_service_init  our_service.o
    0x00020efc   0x00000044   Code   RO          339    i.our_termperature_characteristic_update  our_service.o
    0x00020f40   0x00000018   Code   RO          728    i.peer_address_exists  ble_advertising.o
    0x00020f58   0x00000064   Code   RO         1010    i.peer_instance_init  device_manager_peripheral.o
    0x00020fbc   0x0000001c   Code   RO         1437    i.pin_in_use_by_gpiote  nrf_drv_gpiote.o
    0x00020fd8   0x00000018   Code   RO         1438    i.pin_in_use_by_port  nrf_drv_gpiote.o
    0x00020ff0   0x00000020   Code   RO         1439    i.pin_in_use_by_te  nrf_drv_gpiote.o
    0x00021010   0x0000000c   Code   RO         1440    i.pin_in_use_clear  nrf_drv_gpiote.o
    0x0002101c   0x00000030   Code   RO           20    i.power_manage      main.o
    0x0002104c   0x0000002c   Code   RO         1952    i.pstorage_access_status_get  pstorage.o
    0x00021078   0x000000a4   Code   RO         1953    i.pstorage_block_identifier_get  pstorage.o
    0x0002111c   0x00000120   Code   RO         1954    i.pstorage_clear    pstorage.o
    0x0002123c   0x0000001e   Code   RO         1955    i.pstorage_flash_page_end  pstorage.o
    0x0002125a   0x0000000a   Code   RO         1956    i.pstorage_flash_page_size  pstorage.o
    0x00021264   0x00000090   Code   RO         1957    i.pstorage_init     pstorage.o
    0x000212f4   0x000000f4   Code   RO         1958    i.pstorage_load     pstorage.o
    0x000213e8   0x00000110   Code   RO         1959    i.pstorage_register  pstorage.o
    0x000214f8   0x000000dc   Code   RO         1960    i.pstorage_store    pstorage.o
    0x000215d4   0x00000048   Code   RO         1961    i.pstorage_sys_event_handler  pstorage.o
    0x0002161c   0x000000dc   Code   RO         1962    i.pstorage_update   pstorage.o
    0x000216f8   0x0000000c   Code   RO         2530    i.rtc1_compare0_set  app_timer.o
    0x00021704   0x0000000c   Code   RO         2531    i.rtc1_counter_get  app_timer.o
    0x00021710   0x00000018   Code   RO         2532    i.rtc1_init         app_timer.o
    0x00021728   0x0000003c   Code   RO         2533    i.rtc1_start        app_timer.o
    0x00021764   0x00000058   Code   RO         2534    i.rtc1_stop         app_timer.o
    0x000217bc   0x00000050   Code   RO         1682    i.rx_byte           nrf_drv_uart.o
    0x0002180c   0x00000024   Code   RO         1683    i.rx_done_event     nrf_drv_uart.o
    0x00021830   0x0000001c   Code   RO         3015    i.sd_check_ram_start  softdevice_handler.o
    0x0002184c   0x000000d0   Code   RO         3016    i.sd_nvic_EnableIRQ  softdevice_handler.o
    0x0002191c   0x00000036   Code   RO          605    i.sec_mgr_oob_flags_encode  ble_advdata.o
    0x00021952   0x00000096   Code   RO          606    i.service_data_encode  ble_advdata.o
    0x000219e8   0x00000010   Code   RO           21    i.services_init     main.o
    0x000219f8   0x00000068   Code   RO           22    i.sleep_mode_enter  main.o
    0x00021a60   0x00000014   Code   RO         1963    i.sm_state_change   pstorage.o
    0x00021a74   0x00000018   Code   RO         3017    i.softdevice_ble_evt_handler_set  softdevice_handler.o
    0x00021a8c   0x0000001c   Code   RO         3018    i.softdevice_enable  softdevice_handler.o
    0x00021aa8   0x0000002c   Code   RO         3019    i.softdevice_enable_get_default_config  softdevice_handler.o
    0x00021ad4   0x00000014   Code   RO         3020    i.softdevice_fault_handler  softdevice_handler.o
    0x00021ae8   0x00000064   Code   RO         3021    i.softdevice_handler_init  softdevice_handler.o
    0x00021b4c   0x00000018   Code   RO         3024    i.softdevice_sys_evt_handler_set  softdevice_handler.o
    0x00021b64   0x0000000e   Code   RO          607    i.srdata_check      ble_advdata.o
    0x00021b72   0x0000004c   Code   RO          543    i.startup_event_extract  bsp_btn_ble.o
    0x00021bbe   0x00000002   PAD
    0x00021bc0   0x00000010   Code   RO         1964    i.state_data_erase_entry_run  pstorage.o
    0x00021bd0   0x0000008c   Code   RO         1965    i.state_data_erase_swap_entry_run  pstorage.o
    0x00021c5c   0x00000038   Code   RO         1966    i.state_entry_action_run  pstorage.o
    0x00021c94   0x00000010   Code   RO         1967    i.state_erase_data_page_entry_run  pstorage.o
    0x00021ca4   0x0000001c   Code   RO         1968    i.state_idle_entry_run  pstorage.o
    0x00021cc0   0x00000034   Code   RO         1969    i.state_restore_head_entry_run  pstorage.o
    0x00021cf4   0x00000058   Code   RO         1970    i.state_restore_tail_entry_run  pstorage.o
    0x00021d4c   0x00000008   Code   RO         1971    i.state_store_entry_run  pstorage.o
    0x00021d54   0x0000001e   Code   RO         1972    i.state_swap_erase_entry_run  pstorage.o
    0x00021d72   0x00000002   PAD
    0x00021d74   0x00000038   Code   RO         1973    i.state_write_data_swap_entry_run  pstorage.o
    0x00021dac   0x00000008   Code   RO         1011    i.storage_operation_dummy_handler  device_manager_peripheral.o
    0x00021db4   0x00000068   Code   RO         1974    i.store_cmd_flash_write_execute  pstorage.o
    0x00021e1c   0x0000000a   Code   RO         1975    i.store_operation_execute  pstorage.o
    0x00021e26   0x00000002   PAD
    0x00021e28   0x00000048   Code   RO         1976    i.store_sub_state_sm_run  pstorage.o
    0x00021e70   0x00000020   Code   RO         1977    i.swap_erase_state_run  pstorage.o
    0x00021e90   0x00000008   Code   RO         1978    i.swap_sub_sm_exit_action_run  pstorage.o
    0x00021e98   0x00000018   Code   RO         1979    i.swap_sub_state_entry_action_run  pstorage.o
    0x00021eb0   0x00000020   Code   RO         1980    i.swap_sub_state_err_busy_process  pstorage.o
    0x00021ed0   0x00000018   Code   RO         1981    i.swap_sub_state_sm_run  pstorage.o
    0x00021ee8   0x00000014   Code   RO         1982    i.swap_sub_state_state_change  pstorage.o
    0x00021efc   0x00000012   Code   RO           23    i.sys_evt_dispatch  main.o
    0x00021f0e   0x00000002   PAD
    0x00021f10   0x0000001c   Code   RO         1983    i.tail_restore_state_run  pstorage.o
    0x00021f2c   0x0000004c   Code   RO         1984    i.tail_word_size_calculate  pstorage.o
    0x00021f78   0x0000000a   Code   RO         2535    i.ticks_diff_get    app_timer.o
    0x00021f82   0x00000002   PAD
    0x00021f84   0x00000078   Code   RO         2536    i.timeout_handler_exec  app_timer.o
    0x00021ffc   0x00000054   Code   RO         2537    i.timer_list_handler  app_timer.o
    0x00022050   0x0000000a   Code   RO         2538    i.timer_list_handler_sched  app_timer.o
    0x0002205a   0x00000002   PAD
    0x0002205c   0x00000068   Code   RO         2539    i.timer_list_insert  app_timer.o
    0x000220c4   0x0000006c   Code   RO         2540    i.timer_list_remove  app_timer.o
    0x00022130   0x0000005c   Code   RO         2541    i.timer_start_op_schedule  app_timer.o
    0x0002218c   0x00000040   Code   RO         2543    i.timer_stop_op_schedule  app_timer.o
    0x000221cc   0x00000040   Code   RO           24    i.timer_timeout_handler  main.o
    0x0002220c   0x00000098   Code   RO         2544    i.timer_timeouts_check  app_timer.o
    0x000222a4   0x0000000a   Code   RO         2545    i.timer_timeouts_check_sched  app_timer.o
    0x000222ae   0x00000002   PAD
    0x000222b0   0x00000054   Code   RO           25    i.timers_init       main.o
    0x00022304   0x00000046   Code   RO          608    i.tk_value_encode   ble_advdata.o
    0x0002234a   0x0000006a   Code   RO         2278    i.transfer_byte     nrf_drv_spi.o
    0x000223b4   0x00000038   Code   RO         1685    i.tx_byte           nrf_drv_uart.o
    0x000223ec   0x0000002c   Code   RO         1686    i.tx_done_event     nrf_drv_uart.o
    0x00022418   0x00000036   Code   RO          609    i.tx_power_level_encode  ble_advdata.o
    0x0002244e   0x00000002   PAD
    0x00022450   0x00000160   Code   RO         1687    i.uart_irq_handler  nrf_drv_uart.o
    0x000225b0   0x0000012c   Code   RO         1688    i.uarte_irq_handler  nrf_drv_uart.o
    0x000226dc   0x0000000c   Code   RO          610    i.uint16_encode     ble_advdata.o
    0x000226e8   0x00000008   Code   RO         1985    i.update_operation_execute  pstorage.o
    0x000226f0   0x00000014   Code   RO         1012    i.update_status_bit_reset  device_manager_peripheral.o
    0x00022704   0x00000090   Code   RO          833    i.update_timeout_handler  ble_conn_params.o
    0x00022794   0x00000058   Code   RO         2546    i.user_id_get       app_timer.o
    0x000227ec   0x00000030   Code   RO         2547    i.user_op_alloc     app_timer.o
    0x0002281c   0x00000004   Code   RO         2548    i.user_op_enque     app_timer.o
    0x00022820   0x0000004e   Code   RO          611    i.uuid_list_encode  ble_advdata.o
    0x0002286e   0x000000dc   Code   RO          612    i.uuid_list_sized_encode  ble_advdata.o
    0x0002294a   0x00000012   Code   RO          729    i.whitelist_has_entries  ble_advertising.o
    0x0002295c   0x00000008   Data   RO           27    .constdata          main.o
    0x00022964   0x00000020   Data   RO          340    .constdata          our_service.o
    0x00022984   0x0000003c   Data   RO          433    .constdata          bsp.o
    0x000229c0   0x00000004   Data   RO          835    .constdata          ble_conn_params.o
    0x000229c4   0x00000034   Data   RO         1014    .constdata          device_manager_peripheral.o
    0x000229f8   0x00000028   Data   RO         1987    .constdata          pstorage.o
    0x00022a20   0x00000008   Data   RO         2392    .constdata          app_button.o
    0x00022a28   0x0000004c   Data   RO         1015    .conststring        device_manager_peripheral.o
    0x00022a74   0x00000057   Data   RO         3026    .conststring        softdevice_handler.o
    0x00022acb   0x00000001   PAD
    0x00022acc   0x00000020   Data   RO         4190    Region$$Table       anon$$obj.o


    Execution Region RW_IRAM1 (Base: 0x20002080, Size: 0x00002850, Max: 0x0000df80, ABSOLUTE)

    Base Addr    Size         Type   Attr      Idx    E Section Name        Object

    0x20002080   0x00000008   Data   RW           28    .data               main.o
    0x20002088   0x00000019   Data   RW          434    .data               bsp.o
    0x200020a1   0x00000003   PAD
    0x200020a4   0x00000008   Data   RW          544    .data               bsp_btn_ble.o
    0x200020ac   0x00000020   Data   RW          731    .data               ble_advertising.o
    0x200020cc   0x00000015   Data   RW          836    .data               ble_conn_params.o
    0x200020e1   0x00000003   PAD
    0x200020e4   0x00000014   Data   RW         1016    .data               device_manager_peripheral.o
    0x200020f8   0x00000028   Data   RW         1988    .data               pstorage.o
    0x20002120   0x00000014   Data   RW         2393    .data               app_button.o
    0x20002134   0x00000022   Data   RW         2549    .data               app_timer.o
    0x20002156   0x00000002   PAD
    0x20002158   0x00000018   Data   RW         3027    .data               softdevice_handler.o
    0x20002170   0x00000004   Data   RW         4039    .data               system_nrf52.o
    0x20002174   0x0000023c   Zero   RW           26    .bss                main.o
    0x200023b0   0x0000006c   Zero   RW          432    .bss                bsp.o
    0x2000241c   0x00000103   Zero   RW          730    .bss                ble_advertising.o
    0x2000251f   0x00000001   PAD
    0x20002520   0x0000003c   Zero   RW          834    .bss                ble_conn_params.o
    0x2000255c   0x0000014f   Zero   RW         1013    .bss                device_manager_peripheral.o
    0x200026ab   0x00000001   PAD
    0x200026ac   0x00000058   Zero   RW         1441    .bss                nrf_drv_gpiote.o
    0x20002704   0x00000020   Zero   RW         1689    .bss                nrf_drv_uart.o
    0x20002724   0x000000e4   Zero   RW         1986    .bss                pstorage.o
    0x20002808   0x00000020   Zero   RW         2279    .bss                nrf_drv_spi.o
    0x20002828   0x00000020   Zero   RW         2391    .bss                app_button.o
    0x20002848   0x00000020   Zero   RW         2450    .bss                app_error.o
    0x20002868   0x00000058   Zero   RW         2828    .bss                fstorage.o
    0x200028c0   0x0000000c   Zero   RW         3025    .bss                softdevice_handler.o
    0x200028cc   0x00000004   PAD
    0x200028d0   0x00002000   Zero   RW         4017    STACK               arm_startup_nrf52.o


==============================================================================

Image component sizes


      Code (inc. data)   RO Data    RW Data    ZI Data      Debug   Object Name

       480         80          8         20         32      10442   app_button.o
       168          4          0          0         32       4334   app_error.o
        26          0          0          0          0        842   app_error_weak.o
      2514        336          0         34          0      63967   app_timer.o
        36          8        512          0       8192        980   arm_startup_nrf52.o
      2136          0          0          0          0      26104   ble_advdata.o
      1584        162          0         32        259      19341   ble_advertising.o
       718        122          4         21         60      20152   ble_conn_params.o
      2206        182         60         25        108      20305   bsp.o
       448         18          0          8          0       7045   bsp_btn_ble.o
      4336        262        128         20        335      35705   device_manager_peripheral.o
        24          6          0          0         88       3628   fstorage.o
      1950        378          8          8        572     118027   main.o
        96         12          0          0          0      29079   nrf_drv_common.o
      1402        130          0          0         88      28424   nrf_drv_gpiote.o
       222         16          0          0         32      15267   nrf_drv_spi.o
       996         66          0          0         32      25518   nrf_drv_uart.o
       608         62         32          0          0      42717   our_service.o
      4252        430         40         40        228      53002   pstorage.o
       708         90         87         24         12      45469   softdevice_handler.o
      1320        134          0          4          0      35250   system_nrf52.o

    ----------------------------------------------------------------------
     26274       2498        912        244      10076     605598   Object Totals
         0          0         32          0          0          0   (incl. Generated)
        44          0          1          8          6          0   (incl. Padding)

    ----------------------------------------------------------------------

      Code (inc. data)   RO Data    RW Data    ZI Data      Debug   Library Member Name

         0          0          0          0          0          0   entry.o
         0          0          0          0          0          0   entry10a.o
         0          0          0          0          0          0   entry11a.o
         8          4          0          0          0          0   entry2.o
         4          0          0          0          0          0   entry5.o
         0          0          0          0          0          0   entry7b.o
         0          0          0          0          0          0   entry8b.o
         8          4          0          0          0          0   entry9a.o
        30          0          0          0          0          0   handlers.o
        36          8          0          0          0         68   init.o
        26          0          0          0          0         80   memcmp.o
        36          0          0          0          0         68   memcpya.o
        36          0          0          0          0        108   memseta.o

    ----------------------------------------------------------------------
       186         16          0          0          0        324   Library Totals
         2          0          0          0          0          0   (incl. Padding)

    ----------------------------------------------------------------------

      Code (inc. data)   RO Data    RW Data    ZI Data      Debug   Library Name

       184         16          0          0          0        324   mc_w.l

    ----------------------------------------------------------------------
       186         16          0          0          0        324   Library Totals

    ----------------------------------------------------------------------

==============================================================================


      Code (inc. data)   RO Data    RW Data    ZI Data      Debug   

     26460       2514        912        244      10076     579322   Grand Totals
     26460       2514        912        244      10076     579322   ELF Image Totals
     26460       2514        912        244          0          0   ROM Totals

==============================================================================

    Total RO  Size (Code + RO Data)                27372 (  26.73kB)
    Total RW  Size (RW Data + ZI Data)             10320 (  10.08kB)
    Total ROM Size (Code + RO Data + RW Data)      27616 (  26.97kB)

==============================================================================

